Archive member included to satisfy reference by file (symbol)

c:/program files (x86)/atmel/studio/7.0/toolchain/arm/arm-gnu-toolchain/bin/../lib/gcc/arm-none-eabi/6.2.1/../../../../arm-none-eabi/lib/thumb/v7e-m\libc.a(lib_a-exit.o)
                              c:/program files (x86)/atmel/studio/7.0/toolchain/arm/arm-gnu-toolchain/bin/../lib/gcc/arm-none-eabi/6.2.1/../../../../arm-none-eabi/lib/thumb/v7e-m/crt0.o (exit)
c:/program files (x86)/atmel/studio/7.0/toolchain/arm/arm-gnu-toolchain/bin/../lib/gcc/arm-none-eabi/6.2.1/../../../../arm-none-eabi/lib/thumb/v7e-m\libc.a(lib_a-impure.o)
                              c:/program files (x86)/atmel/studio/7.0/toolchain/arm/arm-gnu-toolchain/bin/../lib/gcc/arm-none-eabi/6.2.1/../../../../arm-none-eabi/lib/thumb/v7e-m\libc.a(lib_a-exit.o) (_global_impure_ptr)
c:/program files (x86)/atmel/studio/7.0/toolchain/arm/arm-gnu-toolchain/bin/../lib/gcc/arm-none-eabi/6.2.1/../../../../arm-none-eabi/lib/thumb/v7e-m\libc.a(lib_a-init.o)
                              c:/program files (x86)/atmel/studio/7.0/toolchain/arm/arm-gnu-toolchain/bin/../lib/gcc/arm-none-eabi/6.2.1/../../../../arm-none-eabi/lib/thumb/v7e-m/crt0.o (__libc_init_array)
c:/program files (x86)/atmel/studio/7.0/toolchain/arm/arm-gnu-toolchain/bin/../lib/gcc/arm-none-eabi/6.2.1/../../../../arm-none-eabi/lib/thumb/v7e-m\libc.a(lib_a-memset.o)
                              c:/program files (x86)/atmel/studio/7.0/toolchain/arm/arm-gnu-toolchain/bin/../lib/gcc/arm-none-eabi/6.2.1/../../../../arm-none-eabi/lib/thumb/v7e-m/crt0.o (memset)
c:/program files (x86)/atmel/studio/7.0/toolchain/arm/arm-gnu-toolchain/bin/../lib/gcc/arm-none-eabi/6.2.1/../../../../arm-none-eabi/lib/thumb/v7e-m\libc.a(lib_a-sprintf.o)
                              src/wifi.o (sprintf)
c:/program files (x86)/atmel/studio/7.0/toolchain/arm/arm-gnu-toolchain/bin/../lib/gcc/arm-none-eabi/6.2.1/../../../../arm-none-eabi/lib/thumb/v7e-m\libc.a(lib_a-strstr.o)
                              src/wifi.o (strstr)
c:/program files (x86)/atmel/studio/7.0/toolchain/arm/arm-gnu-toolchain/bin/../lib/gcc/arm-none-eabi/6.2.1/../../../../arm-none-eabi/lib/thumb/v7e-m\libc.a(lib_a-svfprintf.o)
                              c:/program files (x86)/atmel/studio/7.0/toolchain/arm/arm-gnu-toolchain/bin/../lib/gcc/arm-none-eabi/6.2.1/../../../../arm-none-eabi/lib/thumb/v7e-m\libc.a(lib_a-sprintf.o) (_svfprintf_r)
c:/program files (x86)/atmel/studio/7.0/toolchain/arm/arm-gnu-toolchain/bin/../lib/gcc/arm-none-eabi/6.2.1/../../../../arm-none-eabi/lib/thumb/v7e-m\libc.a(lib_a-__call_atexit.o)
                              c:/program files (x86)/atmel/studio/7.0/toolchain/arm/arm-gnu-toolchain/bin/../lib/gcc/arm-none-eabi/6.2.1/../../../../arm-none-eabi/lib/thumb/v7e-m\libc.a(lib_a-exit.o) (__call_exitprocs)
c:/program files (x86)/atmel/studio/7.0/toolchain/arm/arm-gnu-toolchain/bin/../lib/gcc/arm-none-eabi/6.2.1/../../../../arm-none-eabi/lib/thumb/v7e-m\libc.a(lib_a-atexit.o)
                              c:/program files (x86)/atmel/studio/7.0/toolchain/arm/arm-gnu-toolchain/bin/../lib/gcc/arm-none-eabi/6.2.1/../../../../arm-none-eabi/lib/thumb/v7e-m\libc.a(lib_a-__call_atexit.o) (atexit)
c:/program files (x86)/atmel/studio/7.0/toolchain/arm/arm-gnu-toolchain/bin/../lib/gcc/arm-none-eabi/6.2.1/../../../../arm-none-eabi/lib/thumb/v7e-m\libc.a(lib_a-dtoa.o)
                              c:/program files (x86)/atmel/studio/7.0/toolchain/arm/arm-gnu-toolchain/bin/../lib/gcc/arm-none-eabi/6.2.1/../../../../arm-none-eabi/lib/thumb/v7e-m\libc.a(lib_a-svfprintf.o) (_dtoa_r)
c:/program files (x86)/atmel/studio/7.0/toolchain/arm/arm-gnu-toolchain/bin/../lib/gcc/arm-none-eabi/6.2.1/../../../../arm-none-eabi/lib/thumb/v7e-m\libc.a(lib_a-fini.o)
                              c:/program files (x86)/atmel/studio/7.0/toolchain/arm/arm-gnu-toolchain/bin/../lib/gcc/arm-none-eabi/6.2.1/../../../../arm-none-eabi/lib/thumb/v7e-m\libc.a(lib_a-__call_atexit.o) (__libc_fini_array)
c:/program files (x86)/atmel/studio/7.0/toolchain/arm/arm-gnu-toolchain/bin/../lib/gcc/arm-none-eabi/6.2.1/../../../../arm-none-eabi/lib/thumb/v7e-m\libc.a(lib_a-localeconv.o)
                              c:/program files (x86)/atmel/studio/7.0/toolchain/arm/arm-gnu-toolchain/bin/../lib/gcc/arm-none-eabi/6.2.1/../../../../arm-none-eabi/lib/thumb/v7e-m\libc.a(lib_a-svfprintf.o) (_localeconv_r)
c:/program files (x86)/atmel/studio/7.0/toolchain/arm/arm-gnu-toolchain/bin/../lib/gcc/arm-none-eabi/6.2.1/../../../../arm-none-eabi/lib/thumb/v7e-m\libc.a(lib_a-mallocr.o)
                              c:/program files (x86)/atmel/studio/7.0/toolchain/arm/arm-gnu-toolchain/bin/../lib/gcc/arm-none-eabi/6.2.1/../../../../arm-none-eabi/lib/thumb/v7e-m\libc.a(lib_a-svfprintf.o) (_malloc_r)
c:/program files (x86)/atmel/studio/7.0/toolchain/arm/arm-gnu-toolchain/bin/../lib/gcc/arm-none-eabi/6.2.1/../../../../arm-none-eabi/lib/thumb/v7e-m\libc.a(lib_a-memchr.o)
[...]
Memory Configuration

Name             Origin             Length             Attributes
rom              0x00400000         0x00080000         xr
ram              0x20000000         0x00020000         xrw
*default*        0x00000000         0xffffffff

Linker script and memory map

LOAD c:/program files (x86)/atmel/studio/7.0/toolchain/arm/arm-gnu-toolchain/bin/../lib/gcc/arm-none-eabi/6.2.1/thumb/v7e-m/crti.o
LOAD c:/program files (x86)/atmel/studio/7.0/toolchain/arm/arm-gnu-toolchain/bin/../lib/gcc/arm-none-eabi/6.2.1/thumb/v7e-m/crtbegin.o
LOAD c:/program files (x86)/atmel/studio/7.0/toolchain/arm/arm-gnu-toolchain/bin/../lib/gcc/arm-none-eabi/6.2.1/../../../../arm-none-eabi/lib/thumb/v7e-m/crt0.o
LOAD src/ASF/sam/drivers/pio/pio_handler.o
LOAD src/ASF/sam/drivers/tc/tc.o
LOAD src/ASF/sam/drivers/twi/twi.o
LOAD src/ASF/sam/drivers/usart/usart.o
LOAD src/ASF/sam/drivers/wdt/wdt.o
LOAD src/camera.o
LOAD src/ov2640.o
LOAD src/ov2640_table_registers.o
LOAD src/timer_interface.o
LOAD src/wifi.o
LOAD src/ASF/common/services/serial/usart_serial.o
LOAD src/ASF/common/services/delay/sam/cycle_counter.o
LOAD src/ASF/common/services/clock/sam4s/sysclk.o
LOAD src/ASF/sam/drivers/pio/pio.o
LOAD src/ASF/sam/drivers/pmc/pmc.o
LOAD src/ASF/sam/drivers/uart/uart.o
LOAD src/ASF/sam/drivers/pmc/sleep.o
LOAD src/ASF/common/boards/user_board/init.o
LOAD src/ASF/common/utils/interrupt/interrupt_sam_nvic.o
LOAD src/ASF/sam/utils/cmsis/sam4s/source/templates/gcc/startup_sam4s.o
LOAD src/ASF/sam/utils/cmsis/sam4s/source/templates/system_sam4s.o
LOAD src/ASF/sam/utils/syscalls/gcc/syscalls.o
LOAD src/main.o
START GROUP
LOAD ../src/ASF/thirdparty/CMSIS/Lib/GCC\libarm_cortexM4l_math.a
LOAD c:/program files (x86)/atmel/studio/7.0/toolchain/arm/arm-gnu-toolchain/bin/../lib/gcc/arm-none-eabi/6.2.1/../../../../arm-none-eabi/lib/thumb/v7e-m\libm.a
END GROUP
START GROUP
LOAD c:/program files (x86)/atmel/studio/7.0/toolchain/arm/arm-gnu-toolchain/bin/../lib/gcc/arm-none-eabi/6.2.1/thumb/v7e-m\libgcc.a
LOAD c:/program files (x86)/atmel/studio/7.0/toolchain/arm/arm-gnu-toolchain/bin/../lib/gcc/arm-none-eabi/6.2.1/../../../../arm-none-eabi/lib/thumb/v7e-m\libc.a
END GROUP
LOAD c:/program files (x86)/atmel/studio/7.0/toolchain/arm/arm-gnu-toolchain/bin/../lib/gcc/arm-none-eabi/6.2.1/thumb/v7e-m/crtend.o
LOAD c:/program files (x86)/atmel/studio/7.0/toolchain/arm/arm-gnu-toolchain/bin/../lib/gcc/arm-none-eabi/6.2.1/thumb/v7e-m/crtn.o
                0x00003000                __stack_size__ = DEFINED (__stack_size__)?__stack_size__:0x3000
                0x2001fffc                __ram_end__ = ((ORIGIN (ram) + LENGTH (ram)) - 0x4)

.text           0x00400000     0x760c
                0x00400000                . = ALIGN (0x4)
                0x00400000                _sfixed = .
 *(.vectors .vectors.*)
 .vectors       0x00400000       0xcc src/ASF/sam/utils/cmsis/sam4s/source/templates/gcc/startup_sam4s.o
                0x00400000                exception_table
 *(.text .text.* .gnu.linkonce.t.*)
 .text          0x004000cc       0x6c c:/program files (x86)/atmel/studio/7.0/toolchain/arm/arm-gnu-toolchain/bin/../lib/gcc/arm-none-eabi/6.2.1/thumb/v7e-m/crtbegin.o
 .text.pio_handler_process
                0x00400138       0x68 src/ASF/sam/drivers/pio/pio_handler.o
                0x00400138                pio_handler_process
 .text.pio_handler_set
                0x004001a0       0x70 src/ASF/sam/drivers/pio/pio_handler.o
                0x004001a0                pio_handler_set
 .text.PIOA_Handler
                0x00400210       0x14 src/ASF/sam/drivers/pio/pio_handler.o
                0x00400210                PIOA_Handler
 .text.PIOB_Handler
                0x00400224       0x14 src/ASF/sam/drivers/pio/pio_handler.o
                0x00400224                PIOB_Handler
 .text.tc_init  0x00400238       0x18 src/ASF/sam/drivers/tc/tc.o
                0x00400238                tc_init
 .text.tc_start
                0x00400250        0x8 src/ASF/sam/drivers/tc/tc.o
                0x00400250                tc_start
 .text.tc_write_rc
                0x00400258        0x8 src/ASF/sam/drivers/tc/tc.o
                0x00400258                tc_write_rc
 .text.tc_enable_interrupt
                0x00400260        0x8 src/ASF/sam/drivers/tc/tc.o
                0x00400260                tc_enable_interrupt
 .text.tc_get_status
                0x00400268        0x8 src/ASF/sam/drivers/tc/tc.o
                0x00400268                tc_get_status
 .text.tc_find_mck_divisor
                0x00400270       0x70 src/ASF/sam/drivers/tc/tc.o
                0x00400270                tc_find_mck_divisor
 .text.twi_set_speed
                0x004002e0       0x44 src/ASF/sam/drivers/twi/twi.o
                0x004002e0                twi_set_speed
 .text.twi_master_init
                0x00400324       0x40 src/ASF/sam/drivers/twi/twi.o
                0x00400324                twi_master_init
 .text.twi_master_read
                0x00400364       0xce src/ASF/sam/drivers/twi/twi.o
                0x00400364                twi_master_read
 .text.twi_master_write
                0x00400432       0xa0 src/ASF/sam/drivers/twi/twi.o
                0x00400432                twi_master_write
 .text.usart_set_async_baudrate
                0x004004d2       0x58 src/ASF/sam/drivers/usart/usart.o
                0x004004d2                usart_set_async_baudrate
 *fill*         0x0040052a        0x2 
 .text.usart_reset
                0x0040052c       0x30 src/ASF/sam/drivers/usart/usart.o
                0x0040052c                usart_reset
 .text.usart_init_rs232
                0x0040055c       0x54 src/ASF/sam/drivers/usart/usart.o
                0x0040055c                usart_init_rs232
 .text.usart_init_hw_handshaking
                0x004005b0       0x24 src/ASF/sam/drivers/usart/usart.o
                0x004005b0                usart_init_hw_handshaking
 .text.usart_enable_tx
                0x004005d4        0x6 src/ASF/sam/drivers/usart/usart.o
                0x004005d4                usart_enable_tx
 .text.usart_enable_rx
                0x004005da        0x6 src/ASF/sam/drivers/usart/usart.o
                0x004005da                usart_enable_rx
 .text.usart_enable_interrupt
                0x004005e0        0x4 src/ASF/sam/drivers/usart/usart.o
                0x004005e0                usart_enable_interrupt
 .text.usart_disable_interrupt
                0x004005e4        0x4 src/ASF/sam/drivers/usart/usart.o
                0x004005e4                usart_disable_interrupt
 .text.usart_get_status
                0x004005e8        0x4 src/ASF/sam/drivers/usart/usart.o
                0x004005e8                usart_get_status
 .text.usart_putchar
                0x004005ec       0x12 src/ASF/sam/drivers/usart/usart.o
                0x004005ec                usart_putchar
 *fill*         0x004005fe        0x2 
 .text.usart_write_line
                0x00400600       0x20 src/ASF/sam/drivers/usart/usart.o
                0x00400600                usart_write_line
 .text.usart_read
                0x00400620       0x18 src/ASF/sam/drivers/usart/usart.o
                0x00400620                usart_read
 .text.wdt_disable
                0x00400638        0x8 src/ASF/sam/drivers/wdt/wdt.o
                0x00400638                wdt_disable
 .text.vsync_handler
                0x00400640        0xc src/camera.o
 .text.configure_twi
                0x0040064c       0x64 src/camera.o
                0x0040064c                configure_twi
 .text.configure_camera
                0x004006b0       0x48 src/camera.o
                0x004006b0                configure_camera
 .text.init_camera
                0x004006f8      0x12c src/camera.o
                0x004006f8                init_camera
 .text.find_image_len
                0x00400824       0x7c src/camera.o
                0x00400824                find_image_len
 .text.start_capture
                0x004008a0       0xb0 src/camera.o
                0x004008a0                start_capture
 .text.ov_read_reg
                0x00400950        0xc src/ov2640.o
                0x00400950                ov_read_reg
 .text.ov_write_reg
                0x0040095c        0xc src/ov2640.o
                0x0040095c                ov_write_reg
 .text.ov_write_regs
                0x00400968       0x5c src/ov2640.o
                0x00400968                ov_write_regs
 .text.ov_init  0x004009c4      0x13c src/ov2640.o
                0x004009c4                ov_init
 .text.ov_configure
                0x00400b00       0xbc src/ov2640.o
                0x00400b00                ov_configure
 .text.TC0_Handler
                0x00400bbc       0x28 src/timer_interface.o
                0x00400bbc                TC0_Handler
 .text.configure_tc
                0x00400be4       0x7c src/timer_interface.o
                0x00400be4                configure_tc
 .text.wifi_web_setup_handler
                0x00400c60        0xc src/wifi.o
                0x00400c60                wifi_web_setup_handler
 .text.configure_usart_wifi
                0x00400c6c       0xa8 src/wifi.o
                0x00400c6c                configure_usart_wifi
 .text.configure_wifi_comm_pin
                0x00400d14       0x5c src/wifi.o
                0x00400d14                configure_wifi_comm_pin
 .text.configure_wifi_web_setup_pin
                0x00400d70       0x5c src/wifi.o
                0x00400d70                configure_wifi_web_setup_pin
 .text.process_incoming_byte_wifi
                0x00400dcc       0x18 src/wifi.o
                0x00400dcc                process_incoming_byte_wifi
 .text.USART0_Handler
                0x00400de4       0x44 src/wifi.o
                0x00400de4                USART0_Handler
 .text.process_data_wifi
                0x00400e28       0x54 src/wifi.o
                0x00400e28                process_data_wifi
 .text.wifi_command_response_handler
                0x00400e7c       0x2c src/wifi.o
 .text.write_wifi_command
                0x00400ea8       0x38 src/wifi.o
                0x00400ea8                write_wifi_command
 .text.write_image_to_file
                0x00400ee0       0xa0 src/wifi.o
                0x00400ee0                write_image_to_file
 .text.sysclk_init
                0x00400f80       0x64 src/ASF/common/services/clock/sam4s/sysclk.o
                0x00400f80                sysclk_init
 .text.pio_set_debounce_filter
                0x00400fe4       0x1a src/ASF/sam/drivers/pio/pio.o
                0x00400fe4                pio_set_debounce_filter
 .text.pio_set_peripheral
                0x00400ffe       0x90 src/ASF/sam/drivers/pio/pio.o
                0x00400ffe                pio_set_peripheral
 .text.pio_set_input
                0x0040108e       0x32 src/ASF/sam/drivers/pio/pio.o
                0x0040108e                pio_set_input
 .text.pio_set_output
                0x004010c0       0x26 src/ASF/sam/drivers/pio/pio.o
                0x004010c0                pio_set_output
 .text.pio_configure_interrupt
                0x004010e6       0x2e src/ASF/sam/drivers/pio/pio.o
                0x004010e6                pio_configure_interrupt
 .text.pio_enable_interrupt
                0x00401114        0x4 src/ASF/sam/drivers/pio/pio.o
                0x00401114                pio_enable_interrupt
 .text.pio_disable_interrupt
                0x00401118        0x4 src/ASF/sam/drivers/pio/pio.o
                0x00401118                pio_disable_interrupt
 .text.pio_get_interrupt_status
                0x0040111c        0x4 src/ASF/sam/drivers/pio/pio.o
                0x0040111c                pio_get_interrupt_status
 .text.pio_get_interrupt_mask
                0x00401120        0x4 src/ASF/sam/drivers/pio/pio.o
                0x00401120                pio_get_interrupt_mask
 .text.pio_configure_pin
                0x00401124      0x120 src/ASF/sam/drivers/pio/pio.o
                0x00401124                pio_configure_pin
 .text.pio_capture_enable
                0x00401244       0x18 src/ASF/sam/drivers/pio/pio.o
                0x00401244                pio_capture_enable
 .text.pio_capture_disable
                0x0040125c       0x18 src/ASF/sam/drivers/pio/pio.o
                0x0040125c                pio_capture_disable
 .text.pmc_switch_mck_to_pllack
                0x00401274       0x64 src/ASF/sam/drivers/pmc/pmc.o
                0x00401274                pmc_switch_mck_to_pllack
 .text.pmc_switch_mainck_to_xtal
                0x004012d8       0x54 src/ASF/sam/drivers/pmc/pmc.o
                0x004012d8                pmc_switch_mainck_to_xtal
 .text.pmc_osc_is_ready_mainck
                0x0040132c       0x10 src/ASF/sam/drivers/pmc/pmc.o
                0x0040132c                pmc_osc_is_ready_mainck
 .text.pmc_disable_pllack
                0x0040133c       0x10 src/ASF/sam/drivers/pmc/pmc.o
                0x0040133c                pmc_disable_pllack
 .text.pmc_is_locked_pllack
                0x0040134c       0x10 src/ASF/sam/drivers/pmc/pmc.o
                0x0040134c                pmc_is_locked_pllack
 .text.pmc_enable_pllbck
                0x0040135c       0x34 src/ASF/sam/drivers/pmc/pmc.o
                0x0040135c                pmc_enable_pllbck
 .text.pmc_enable_periph_clk
                0x00401390       0x54 src/ASF/sam/drivers/pmc/pmc.o
                0x00401390                pmc_enable_periph_clk
 .text.board_init
                0x004013e4       0x48 src/ASF/common/boards/user_board/init.o
                0x004013e4                board_init
 .text.Dummy_Handler
                0x0040142c        0x2 src/ASF/sam/utils/cmsis/sam4s/source/templates/gcc/startup_sam4s.o
                0x0040142c                DACC_Handler
                0x0040142c                DebugMon_Handler
                0x0040142c                HardFault_Handler
                0x0040142c                TC2_Handler
                0x0040142c                SPI_Handler
                0x0040142c                SysTick_Handler
                0x0040142c                TWI1_Handler
                0x0040142c                PendSV_Handler
                0x0040142c                NMI_Handler
                0x0040142c                ADC_Handler
                0x0040142c                CRCCU_Handler
                0x0040142c                RTT_Handler
                0x0040142c                RTC_Handler
                0x0040142c                UsageFault_Handler
                0x0040142c                WDT_Handler
                0x0040142c                TC1_Handler
                0x0040142c                HSMCI_Handler
                0x0040142c                UART1_Handler
                0x0040142c                Dummy_Handler
                0x0040142c                TWI0_Handler
                0x0040142c                USART1_Handler
                0x0040142c                SSC_Handler
                0x0040142c                EFC0_Handler
                0x0040142c                ACC_Handler
                0x0040142c                PMC_Handler
                0x0040142c                PWM_Handler
                0x0040142c                MemManage_Handler
                0x0040142c                SUPC_Handler
                0x0040142c                SVC_Handler
                0x0040142c                UART0_Handler
                0x0040142c                UDP_Handler
                0x0040142c                BusFault_Handler
                0x0040142c                RSTC_Handler
 *fill*         0x0040142e        0x2 
 .text.Reset_Handler
                0x00401430       0xac src/ASF/sam/utils/cmsis/sam4s/source/templates/gcc/startup_sam4s.o
                0x00401430                Reset_Handler
 .text.SystemCoreClockUpdate
                0x004014dc      0x110 src/ASF/sam/utils/cmsis/sam4s/source/templates/system_sam4s.o
                0x004014dc                SystemCoreClockUpdate
 .text.system_init_flash
                0x004015ec       0x74 src/ASF/sam/utils/cmsis/sam4s/source/templates/system_sam4s.o
                0x004015ec                system_init_flash
 .text._sbrk    0x00401660       0x38 src/ASF/sam/utils/syscalls/gcc/syscalls.o
                0x00401660                _sbrk
 .text.main     0x00401698      0x110 src/main.o
                0x00401698                main
 .text.__libc_init_array
                0x004017a8       0x50 c:/program files (x86)/atmel/studio/7.0/toolchain/arm/arm-gnu-toolchain/bin/../lib/gcc/arm-none-eabi/6.2.1/../../../../arm-none-eabi/lib/thumb/v7e-m\libc.a(lib_a-init.o)
                0x004017a8                __libc_init_array
 .text.memset   0x004017f8       0x9c c:/program files (x86)/atmel/studio/7.0/toolchain/arm/arm-gnu-toolchain/bin/../lib/gcc/arm-none-eabi/6.2.1/../../../../arm-none-eabi/lib/thumb/v7e-m\libc.a(lib_a-memset.o)
                0x004017f8                memset
 .text.sprintf  0x00401894       0x4c c:/program files (x86)/atmel/studio/7.0/toolchain/arm/arm-gnu-toolchain/bin/../lib/gcc/arm-none-eabi/6.2.1/../../../../arm-none-eabi/lib/thumb/v7e-m\libc.a(lib_a-sprintf.o)
                0x00401894                sprintf
 .text.critical_factorization
                0x004018e0       0xb4 c:/program files (x86)/atmel/studio/7.0/toolchain/arm/arm-gnu-toolchain/bin/../lib/gcc/arm-none-eabi/6.2.1/../../../../arm-none-eabi/lib/thumb/v7e-m\libc.a(lib_a-strstr.o)
 .text.two_way_long_needle
                0x00401994      0x1fc c:/program files (x86)/atmel/studio/7.0/toolchain/arm/arm-gnu-toolchain/bin/../lib/gcc/arm-none-eabi/6.2.1/../../../../arm-none-eabi/lib/thumb/v7e-m\libc.a(lib_a-strstr.o)
 .text.strstr   0x00401b90      0x218 c:/program files (x86)/atmel/studio/7.0/toolchain/arm/arm-gnu-toolchain/bin/../lib/gcc/arm-none-eabi/6.2.1/../../../../arm-none-eabi/lib/thumb/v7e-m\libc.a(lib_a-strstr.o)
                0x00401b90                strstr
 .text._svfprintf_r
                0x00401da8     0x144c c:/program files (x86)/atmel/studio/7.0/toolchain/arm/arm-gnu-toolchain/bin/../lib/gcc/arm-none-eabi/6.2.1/../../../../arm-none-eabi/lib/thumb/v7e-m\libc.a(lib_a-svfprintf.o)
                0x00401da8                _svfprintf_r
 .text.startup.register_fini
                0x004031f4       0x14 c:/program files (x86)/atmel/studio/7.0/toolchain/arm/arm-gnu-toolchain/bin/../lib/gcc/arm-none-eabi/6.2.1/../../../../arm-none-eabi/lib/thumb/v7e-m\libc.a(lib_a-__call_atexit.o)
 .text.atexit   0x00403208        0xc c:/program files (x86)/atmel/studio/7.0/toolchain/arm/arm-gnu-toolchain/bin/../lib/gcc/arm-none-eabi/6.2.1/../../../../arm-none-eabi/lib/thumb/v7e-m\libc.a(lib_a-atexit.o)
                0x00403208                atexit
 .text.quorem   0x00403214      0x128 c:/program files (x86)/atmel/studio/7.0/toolchain/arm/arm-gnu-toolchain/bin/../lib/gcc/arm-none-eabi/6.2.1/../../../../arm-none-eabi/lib/thumb/v7e-m\libc.a(lib_a-dtoa.o)
 *fill*         0x0040333c        0x4 
 .text._dtoa_r  0x00403340      0xe54 c:/program files (x86)/atmel/studio/7.0/toolchain/arm/arm-gnu-toolchain/bin/../lib/gcc/arm-none-eabi/6.2.1/../../../../arm-none-eabi/lib/thumb/v7e-m\libc.a(lib_a-dtoa.o)
                0x00403340                _dtoa_r
 .text.__libc_fini_array
                0x00404194       0x34 c:/program files (x86)/atmel/studio/7.0/toolchain/arm/arm-gnu-toolchain/bin/../lib/gcc/arm-none-eabi/6.2.1/../../../../arm-none-eabi/lib/thumb/v7e-m\libc.a(lib_a-fini.o)
                0x00404194                __libc_fini_array
 .text._localeconv_r
                0x004041c8       0x1c c:/program files (x86)/atmel/studio/7.0/toolchain/arm/arm-gnu-toolchain/bin/../lib/gcc/arm-none-eabi/6.2.1/../../../../arm-none-eabi/lib/thumb/v7e-m\libc.a(lib_a-localeconv.o)
                0x004041c8                _localeconv_r
 .text._malloc_r
                0x004041e4      0x560 c:/program files (x86)/atmel/studio/7.0/toolchain/arm/arm-gnu-toolchain/bin/../lib/gcc/arm-none-eabi/6.2.1/../../../../arm-none-eabi/lib/thumb/v7e-m\libc.a(lib_a-mallocr.o)
                0x004041e4                _malloc_r
 *fill*         0x00404744        0xc 
 .text          0x00404750       0xa0 c:/program files (x86)/atmel/studio/7.0/toolchain/arm/arm-gnu-toolchain/bin/../lib/gcc/arm-none-eabi/6.2.1/../../../../arm-none-eabi/lib/thumb/v7e-m\libc.a(lib_a-memchr.o)
                0x00404750                memchr
 .text.memcmp   0x004047f0       0x60 c:/program files (x86)/atmel/studio/7.0/toolchain/arm/arm-gnu-toolchain/bin/../lib/gcc/arm-none-eabi/6.2.1/../../../../arm-none-eabi/lib/thumb/v7e-m\libc.a(lib_a-memcmp.o)
                0x004047f0                memcmp
 .text          0x00404850      0x134 c:/program files (x86)/atmel/studio/7.0/toolchain/arm/arm-gnu-toolchain/bin/../lib/gcc/arm-none-eabi/6.2.1/../../../../arm-none-eabi/lib/thumb/v7e-m\libc.a(lib_a-memcpy.o)
                0x00404850                memcpy
 .text.__malloc_lock
                0x00404984        0x4 c:/program files (x86)/atmel/studio/7.0/toolchain/arm/arm-gnu-toolchain/bin/../lib/gcc/arm-none-eabi/6.2.1/../../../../arm-none-eabi/lib/thumb/v7e-m\libc.a(lib_a-mlock.o)
                0x00404984                __malloc_lock
 .text.__malloc_unlock
                0x00404988        0x4 c:/program files (x86)/atmel/studio/7.0/toolchain/arm/arm-gnu-toolchain/bin/../lib/gcc/arm-none-eabi/6.2.1/../../../../arm-none-eabi/lib/thumb/v7e-m\libc.a(lib_a-mlock.o)
                0x00404988                __malloc_unlock
 .text._Balloc  0x0040498c       0x4c c:/program files (x86)/atmel/studio/7.0/toolchain/arm/arm-gnu-toolchain/bin/../lib/gcc/arm-none-eabi/6.2.1/../../../../arm-none-eabi/lib/thumb/v7e-m\libc.a(lib_a-mprec.o)
                0x0040498c                _Balloc
 .text._Bfree   0x004049d8       0x14 c:/program files (x86)/atmel/studio/7.0/toolchain/arm/arm-gnu-toolchain/bin/../lib/gcc/arm-none-eabi/6.2.1/../../../../arm-none-eabi/lib/thumb/v7e-m\libc.a(lib_a-mprec.o)
                0x004049d8                _Bfree
 .text.__multadd
                0x004049ec       0x80 c:/program files (x86)/atmel/studio/7.0/toolchain/arm/arm-gnu-toolchain/bin/../lib/gcc/arm-none-eabi/6.2.1/../../../../arm-none-eabi/lib/thumb/v7e-m\libc.a(lib_a-mprec.o)
                0x004049ec                __multadd
 .text.__hi0bits
                0x00404a6c       0x40 c:/program files (x86)/atmel/studio/7.0/toolchain/arm/arm-gnu-toolchain/bin/../lib/gcc/arm-none-eabi/6.2.1/../../../../arm-none-eabi/lib/thumb/v7e-m\libc.a(lib_a-mprec.o)
                0x00404a6c                __hi0bits
 .text.__lo0bits
                0x00404aac       0x60 c:/program files (x86)/atmel/studio/7.0/toolchain/arm/arm-gnu-toolchain/bin/../lib/gcc/arm-none-eabi/6.2.1/../../../../arm-none-eabi/lib/thumb/v7e-m\libc.a(lib_a-mprec.o)
                0x00404aac                __lo0bits
 .text.__i2b    0x00404b0c       0x14 c:/program files (x86)/atmel/studio/7.0/toolchain/arm/arm-gnu-toolchain/bin/../lib/gcc/arm-none-eabi/6.2.1/../../../../arm-none-eabi/lib/thumb/v7e-m\libc.a(lib_a-mprec.o)
                0x00404b0c                __i2b
 .text.__multiply
                0x00404b20      0x124 c:/program files (x86)/atmel/studio/7.0/toolchain/arm/arm-gnu-toolchain/bin/../lib/gcc/arm-none-eabi/6.2.1/../../../../arm-none-eabi/lib/thumb/v7e-m\libc.a(lib_a-mprec.o)
                0x00404b20                __multiply
 .text.__pow5mult
                0x00404c44       0xa0 c:/program files (x86)/atmel/studio/7.0/toolchain/arm/arm-gnu-toolchain/bin/../lib/gcc/arm-none-eabi/6.2.1/../../../../arm-none-eabi/lib/thumb/v7e-m\libc.a(lib_a-mprec.o)
                0x00404c44                __pow5mult
 .text.__lshift
                0x00404ce4       0xa4 c:/program files (x86)/atmel/studio/7.0/toolchain/arm/arm-gnu-toolchain/bin/../lib/gcc/arm-none-eabi/6.2.1/../../../../arm-none-eabi/lib/thumb/v7e-m\libc.a(lib_a-mprec.o)
                0x00404ce4                __lshift
 .text.__mcmp   0x00404d88       0x38 c:/program files (x86)/atmel/studio/7.0/toolchain/arm/arm-gnu-toolchain/bin/../lib/gcc/arm-none-eabi/6.2.1/../../../../arm-none-eabi/lib/thumb/v7e-m\libc.a(lib_a-mprec.o)
                0x00404d88                __mcmp
 .text.__mdiff  0x00404dc0      0x108 c:/program files (x86)/atmel/studio/7.0/toolchain/arm/arm-gnu-toolchain/bin/../lib/gcc/arm-none-eabi/6.2.1/../../../../arm-none-eabi/lib/thumb/v7e-m\libc.a(lib_a-mprec.o)
                0x00404dc0                __mdiff
 .text.__d2b    0x00404ec8       0xb8 c:/program files (x86)/atmel/studio/7.0/toolchain/arm/arm-gnu-toolchain/bin/../lib/gcc/arm-none-eabi/6.2.1/../../../../arm-none-eabi/lib/thumb/v7e-m\libc.a(lib_a-mprec.o)
                0x00404ec8                __d2b
 .text._sbrk_r  0x00404f80       0x24 c:/program files (x86)/atmel/studio/7.0/toolchain/arm/arm-gnu-toolchain/bin/../lib/gcc/arm-none-eabi/6.2.1/../../../../arm-none-eabi/lib/thumb/v7e-m\libc.a(lib_a-sbrkr.o)
                0x00404f80                _sbrk_r
 .text.strchr   0x00404fa4       0xe8 c:/program files (x86)/atmel/studio/7.0/toolchain/arm/arm-gnu-toolchain/bin/../lib/gcc/arm-none-eabi/6.2.1/../../../../arm-none-eabi/lib/thumb/v7e-m\libc.a(lib_a-strchr.o)
                0x00404fa4                strchr
 *fill*         0x0040508c       0x34 
 .text          0x004050c0       0xdc c:/program files (x86)/atmel/studio/7.0/toolchain/arm/arm-gnu-toolchain/bin/../lib/gcc/arm-none-eabi/6.2.1/../../../../arm-none-eabi/lib/thumb/v7e-m\libc.a(lib_a-strlen.o)
                0x004050c0                strlen
 .text.__ssprint_r
                0x0040519c       0xfc c:/program files (x86)/atmel/studio/7.0/toolchain/arm/arm-gnu-toolchain/bin/../lib/gcc/arm-none-eabi/6.2.1/../../../../arm-none-eabi/lib/thumb/v7e-m\libc.a(lib_a-svfiprintf.o)
                0x0040519c                __ssprint_r
 .text.__register_exitproc
                0x00405298       0xa4 c:/program files (x86)/atmel/studio/7.0/toolchain/arm/arm-gnu-toolchain/bin/../lib/gcc/arm-none-eabi/6.2.1/../../../../arm-none-eabi/lib/thumb/v7e-m\libc.a(lib_a-__atexit.o)
                0x00405298                __register_exitproc
 .text._calloc_r
                0x0040533c       0x60 c:/program files (x86)/atmel/studio/7.0/toolchain/arm/arm-gnu-toolchain/bin/../lib/gcc/arm-none-eabi/6.2.1/../../../../arm-none-eabi/lib/thumb/v7e-m\libc.a(lib_a-callocr.o)
                0x0040533c                _calloc_r
 .text._malloc_trim_r
                0x0040539c       0xa0 c:/program files (x86)/atmel/studio/7.0/toolchain/arm/arm-gnu-toolchain/bin/../lib/gcc/arm-none-eabi/6.2.1/../../../../arm-none-eabi/lib/thumb/v7e-m\libc.a(lib_a-freer.o)
                0x0040539c                _malloc_trim_r
 .text._free_r  0x0040543c      0x1cc c:/program files (x86)/atmel/studio/7.0/toolchain/arm/arm-gnu-toolchain/bin/../lib/gcc/arm-none-eabi/6.2.1/../../../../arm-none-eabi/lib/thumb/v7e-m\libc.a(lib_a-freer.o)
                0x0040543c                _free_r
 .text.__ascii_mbtowc
                0x00405608       0x2c c:/program files (x86)/atmel/studio/7.0/toolchain/arm/arm-gnu-toolchain/bin/../lib/gcc/arm-none-eabi/6.2.1/../../../../arm-none-eabi/lib/thumb/v7e-m\libc.a(lib_a-mbtowc_r.o)
                0x00405608                __ascii_mbtowc
 .text.memmove  0x00405634       0xc8 c:/program files (x86)/atmel/studio/7.0/toolchain/arm/arm-gnu-toolchain/bin/../lib/gcc/arm-none-eabi/6.2.1/../../../../arm-none-eabi/lib/thumb/v7e-m\libc.a(lib_a-memmove.o)
                0x00405634                memmove
 .text._realloc_r
                0x004056fc      0x34c c:/program files (x86)/atmel/studio/7.0/toolchain/arm/arm-gnu-toolchain/bin/../lib/gcc/arm-none-eabi/6.2.1/../../../../arm-none-eabi/lib/thumb/v7e-m\libc.a(lib_a-reallocr.o)
                0x004056fc                _realloc_r
 .text.__ascii_wctomb
                0x00405a48       0x1c c:/program files (x86)/atmel/studio/7.0/toolchain/arm/arm-gnu-toolchain/bin/../lib/gcc/arm-none-eabi/6.2.1/../../../../arm-none-eabi/lib/thumb/v7e-m\libc.a(lib_a-wctomb_r.o)
                0x00405a48                __ascii_wctomb
 .text          0x00405a64      0x370 c:/program files (x86)/atmel/studio/7.0/toolchain/arm/arm-gnu-toolchain/bin/../lib/gcc/arm-none-eabi/6.2.1/thumb/v7e-m\libgcc.a(_arm_addsubdf3.o)
                0x00405a64                __aeabi_drsub
                0x00405a6c                __aeabi_dsub
                0x00405a6c                __subdf3
                0x00405a70                __aeabi_dadd
                0x00405a70                __adddf3
                0x00405ce8                __floatunsidf
                0x00405ce8                __aeabi_ui2d
                0x00405d08                __floatsidf
                0x00405d08                __aeabi_i2d
                0x00405d2c                __aeabi_f2d
                0x00405d2c                __extendsfdf2
                0x00405d68                __floatundidf
                0x00405d68                __aeabi_ul2d
                0x00405d78                __floatdidf
                0x00405d78                __aeabi_l2d
 .text          0x00405dd4      0x424 c:/program files (x86)/atmel/studio/7.0/toolchain/arm/arm-gnu-toolchain/bin/../lib/gcc/arm-none-eabi/6.2.1/thumb/v7e-m\libgcc.a(_arm_muldivdf3.o)
                0x00405dd4                __aeabi_dmul
                0x00405dd4                __muldf3
                0x00406028                __divdf3
                0x00406028                __aeabi_ddiv
 .text          0x004061f8      0x110 c:/program files (x86)/atmel/studio/7.0/toolchain/arm/arm-gnu-toolchain/bin/../lib/gcc/arm-none-eabi/6.2.1/thumb/v7e-m\libgcc.a(_arm_cmpdf2.o)
                0x004061f8                __gtdf2
                0x004061f8                __gedf2
                0x00406200                __ltdf2
                0x00406200                __ledf2
                0x00406208                __nedf2
                0x00406208                __eqdf2
                0x00406208                __cmpdf2
                0x00406284                __aeabi_cdrcmple
                0x00406294                __aeabi_cdcmpeq
                0x00406294                __aeabi_cdcmple
                0x004062a4                __aeabi_dcmpeq
                0x004062b8                __aeabi_dcmplt
                0x004062cc                __aeabi_dcmple
                0x004062e0                __aeabi_dcmpge
                0x004062f4                __aeabi_dcmpgt
 .text          0x00406308       0x2c c:/program files (x86)/atmel/studio/7.0/toolchain/arm/arm-gnu-toolchain/bin/../lib/gcc/arm-none-eabi/6.2.1/thumb/v7e-m\libgcc.a(_arm_unorddf2.o)
                0x00406308                __unorddf2
                0x00406308                __aeabi_dcmpun
 .text          0x00406334       0x50 c:/program files (x86)/atmel/studio/7.0/toolchain/arm/arm-gnu-toolchain/bin/../lib/gcc/arm-none-eabi/6.2.1/thumb/v7e-m\libgcc.a(_arm_fixdfsi.o)
                0x00406334                __aeabi_d2iz
                0x00406334                __fixdfsi
 .text          0x00406384       0x30 c:/program files (x86)/atmel/studio/7.0/toolchain/arm/arm-gnu-toolchain/bin/../lib/gcc/arm-none-eabi/6.2.1/thumb/v7e-m\libgcc.a(_aeabi_uldivmod.o)
                0x00406384                __aeabi_uldivmod
 .text          0x004063b4      0x2dc c:/program files (x86)/atmel/studio/7.0/toolchain/arm/arm-gnu-toolchain/bin/../lib/gcc/arm-none-eabi/6.2.1/thumb/v7e-m\libgcc.a(_udivmoddi4.o)
                0x004063b4                __udivmoddi4
 .text          0x00406690        0x4 c:/program files (x86)/atmel/studio/7.0/toolchain/arm/arm-gnu-toolchain/bin/../lib/gcc/arm-none-eabi/6.2.1/thumb/v7e-m\libgcc.a(_dvmd_tls.o)
                0x00406690                __aeabi_idiv0
                0x00406690                __aeabi_ldiv0
 *(.glue_7t)
 .glue_7t       0x00406694        0x0 linker stubs
 *(.glue_7)
 .glue_7        0x00406694        0x0 linker stubs
 *(.rodata .rodata* .gnu.linkonce.r.*)
 .rodata.OV2640_JPEG
                0x00406694       0x12 src/ov2640_table_registers.o
                0x00406694                OV2640_JPEG
 *fill*         0x004066a6        0x2 
 .rodata.OV2640_JPEG_1024x768
                0x004066a8       0x4e src/ov2640_table_registers.o
                0x004066a8                OV2640_JPEG_1024x768
 *fill*         0x004066f6        0x2 
 .rodata.OV2640_JPEG_1280x1024
                0x004066f8       0x52 src/ov2640_table_registers.o
                0x004066f8                OV2640_JPEG_1280x1024
 *fill*         0x0040674a        0x2 
 .rodata.OV2640_JPEG_1600x1200
                0x0040674c       0x52 src/ov2640_table_registers.o
                0x0040674c                OV2640_JPEG_1600x1200
 *fill*         0x0040679e        0x2 
 .rodata.OV2640_JPEG_320x240
                0x004067a0       0x50 src/ov2640_table_registers.o
                0x004067a0                OV2640_JPEG_320x240
 .rodata.OV2640_JPEG_640x480
                0x004067f0       0x52 src/ov2640_table_registers.o
                0x004067f0                OV2640_JPEG_640x480
 *fill*         0x00406842        0x2 
 .rodata.OV2640_JPEG_800x600
                0x00406844       0x52 src/ov2640_table_registers.o
                0x00406844                OV2640_JPEG_800x600
 *fill*         0x00406896        0x2 
 .rodata.OV2640_JPEG_INIT
                0x00406898      0x17e src/ov2640_table_registers.o
                0x00406898                OV2640_JPEG_INIT
 *fill*         0x00406a16        0x2 
 .rodata.OV2640_QQVGA_RGB888
                0x00406a18       0xf4 src/ov2640_table_registers.o
                0x00406a18                OV2640_QQVGA_RGB888
 .rodata.OV2640_QQVGA_YUV422
                0x00406b0c       0xf4 src/ov2640_table_registers.o
                0x00406b0c                OV2640_QQVGA_YUV422
 .rodata.OV2640_QVGA_RGB888
                0x00406c00       0xf4 src/ov2640_table_registers.o
                0x00406c00                OV2640_QVGA_RGB888
 .rodata.OV2640_QVGA_YUV422_10FPS
                0x00406cf4       0xf0 src/ov2640_table_registers.o
                0x00406cf4                OV2640_QVGA_YUV422_10FPS
 .rodata.OV2640_QVGA_YUV422_15FPS
                0x00406de4       0xf0 src/ov2640_table_registers.o
                0x00406de4                OV2640_QVGA_YUV422_15FPS
 .rodata.OV2640_QVGA_YUV422_20FPS
                0x00406ed4       0xf0 src/ov2640_table_registers.o
                0x00406ed4                OV2640_QVGA_YUV422_20FPS
 .rodata.OV2640_QVGA_YUV422_30FPS
                0x00406fc4       0xf0 src/ov2640_table_registers.o
                0x00406fc4                OV2640_QVGA_YUV422_30FPS
 .rodata.OV2640_TEST_PATTERN
                0x004070b4       0xf4 src/ov2640_table_registers.o
                0x004070b4                OV2640_TEST_PATTERN
 .rodata.OV2640_VGA_YUV422_20FPS
                0x004071a8       0xf0 src/ov2640_table_registers.o
                0x004071a8                OV2640_VGA_YUV422_20FPS
 .rodata.OV2640_YUV422
                0x00407298       0x14 src/ov2640_table_registers.o
                0x00407298                OV2640_YUV422
 .rodata        0x004072ac       0x18 src/wifi.o
 .rodata.process_data_wifi.str1.4
                0x004072c4       0x2b src/wifi.o
 *fill*         0x004072ef        0x1 
 .rodata.write_image_to_file.str1.4
                0x004072f0       0x14 src/wifi.o
 .rodata.main.str1.4
                0x00407304       0x57 src/main.o
 *fill*         0x0040735b        0x1 
 .rodata._global_impure_ptr
                0x0040735c        0x4 c:/program files (x86)/atmel/studio/7.0/toolchain/arm/arm-gnu-toolchain/bin/../lib/gcc/arm-none-eabi/6.2.1/../../../../arm-none-eabi/lib/thumb/v7e-m\libc.a(lib_a-impure.o)
                0x0040735c                _global_impure_ptr
 .rodata._svfprintf_r.str1.4
                0x00407360       0x42 c:/program files (x86)/atmel/studio/7.0/toolchain/arm/arm-gnu-toolchain/bin/../lib/gcc/arm-none-eabi/6.2.1/../../../../arm-none-eabi/lib/thumb/v7e-m\libc.a(lib_a-svfprintf.o)
 *fill*         0x004073a2        0x2 
 .rodata.blanks.7208
                0x004073a4       0x10 c:/program files (x86)/atmel/studio/7.0/toolchain/arm/arm-gnu-toolchain/bin/../lib/gcc/arm-none-eabi/6.2.1/../../../../arm-none-eabi/lib/thumb/v7e-m\libc.a(lib_a-svfprintf.o)
 .rodata.zeroes.7209
                0x004073b4       0x10 c:/program files (x86)/atmel/studio/7.0/toolchain/arm/arm-gnu-toolchain/bin/../lib/gcc/arm-none-eabi/6.2.1/../../../../arm-none-eabi/lib/thumb/v7e-m\libc.a(lib_a-svfprintf.o)
 .rodata._dtoa_r.str1.4
                0x004073c4       0x10 c:/program files (x86)/atmel/studio/7.0/toolchain/arm/arm-gnu-toolchain/bin/../lib/gcc/arm-none-eabi/6.2.1/../../../../arm-none-eabi/lib/thumb/v7e-m\libc.a(lib_a-dtoa.o)
                                 0x12 (size before relaxing)
 *fill*         0x004073d4        0x4 
 .rodata.__mprec_bigtens
                0x004073d8       0x28 c:/program files (x86)/atmel/studio/7.0/toolchain/arm/arm-gnu-toolchain/bin/../lib/gcc/arm-none-eabi/6.2.1/../../../../arm-none-eabi/lib/thumb/v7e-m\libc.a(lib_a-mprec.o)
                0x004073d8                __mprec_bigtens
 .rodata.__mprec_tens
                0x00407400       0xc8 c:/program files (x86)/atmel/studio/7.0/toolchain/arm/arm-gnu-toolchain/bin/../lib/gcc/arm-none-eabi/6.2.1/../../../../arm-none-eabi/lib/thumb/v7e-m\libc.a(lib_a-mprec.o)
                0x00407400                __mprec_tens
 .rodata.p05.6040
                0x004074c8        0xc c:/program files (x86)/atmel/studio/7.0/toolchain/arm/arm-gnu-toolchain/bin/../lib/gcc/arm-none-eabi/6.2.1/../../../../arm-none-eabi/lib/thumb/v7e-m\libc.a(lib_a-mprec.o)
 .rodata._setlocale_r.str1.4
                0x004074d4        0xa c:/program files (x86)/atmel/studio/7.0/toolchain/arm/arm-gnu-toolchain/bin/../lib/gcc/arm-none-eabi/6.2.1/../../../../arm-none-eabi/lib/thumb/v7e-m\libc.a(lib_a-locale.o)
                                  0xd (size before relaxing)
 *fill*         0x004074de        0x2 
 .rodata.str1.4
                0x004074e0        0x4 c:/program files (x86)/atmel/studio/7.0/toolchain/arm/arm-gnu-toolchain/bin/../lib/gcc/arm-none-eabi/6.2.1/../../../../arm-none-eabi/lib/thumb/v7e-m\libc.a(lib_a-locale.o)
                                  0x2 (size before relaxing)
 .rodata._ctype_
                0x004074e4      0x101 c:/program files (x86)/atmel/studio/7.0/toolchain/arm/arm-gnu-toolchain/bin/../lib/gcc/arm-none-eabi/6.2.1/../../../../arm-none-eabi/lib/thumb/v7e-m\libc.a(lib_a-ctype_.o)
                0x004074e4                _ctype_
 *(.ARM.extab* .gnu.linkonce.armextab.*)
                0x004075e8                . = ALIGN (0x4)
 *fill*         0x004075e5        0x3 
 *(.init)
 .init          0x004075e8        0x4 c:/program files (x86)/atmel/studio/7.0/toolchain/arm/arm-gnu-toolchain/bin/../lib/gcc/arm-none-eabi/6.2.1/thumb/v7e-m/crti.o
                0x004075e8                _init
 .init          0x004075ec        0x8 c:/program files (x86)/atmel/studio/7.0/toolchain/arm/arm-gnu-toolchain/bin/../lib/gcc/arm-none-eabi/6.2.1/thumb/v7e-m/crtn.o
                0x004075f4                . = ALIGN (0x4)
                0x004075f4                __preinit_array_start = .
 *(.preinit_array)
                0x004075f4                __preinit_array_end = .
                0x004075f4                . = ALIGN (0x4)
                0x004075f4                __init_array_start = .
 *(SORT(.init_array.*))
 .init_array.00000
                0x004075f4        0x4 c:/program files (x86)/atmel/studio/7.0/toolchain/arm/arm-gnu-toolchain/bin/../lib/gcc/arm-none-eabi/6.2.1/../../../../arm-none-eabi/lib/thumb/v7e-m\libc.a(lib_a-__call_atexit.o)
 *(.init_array)
 .init_array    0x004075f8        0x4 c:/program files (x86)/atmel/studio/7.0/toolchain/arm/arm-gnu-toolchain/bin/../lib/gcc/arm-none-eabi/6.2.1/thumb/v7e-m/crtbegin.o
                0x004075fc                __init_array_end = .
                0x004075fc                . = ALIGN (0x4)
 *crtbegin.o(.ctors)
 *(EXCLUDE_FILE(*crtend.o) .ctors)
 *(SORT(.ctors.*))
 *crtend.o(.ctors)
                0x004075fc                . = ALIGN (0x4)
 *(.fini)
 .fini          0x004075fc        0x4 c:/program files (x86)/atmel/studio/7.0/toolchain/arm/arm-gnu-toolchain/bin/../lib/gcc/arm-none-eabi/6.2.1/thumb/v7e-m/crti.o
                0x004075fc                _fini
 .fini          0x00407600        0x8 c:/program files (x86)/atmel/studio/7.0/toolchain/arm/arm-gnu-toolchain/bin/../lib/gcc/arm-none-eabi/6.2.1/thumb/v7e-m/crtn.o
                0x00407608                . = ALIGN (0x4)
                0x00407608                __fini_array_start = .
 *(.fini_array)
 .fini_array    0x00407608        0x4 c:/program files (x86)/atmel/studio/7.0/toolchain/arm/arm-gnu-toolchain/bin/../lib/gcc/arm-none-eabi/6.2.1/thumb/v7e-m/crtbegin.o
 *(SORT(.fini_array.*))
                0x0040760c                __fini_array_end = .
 *crtbegin.o(.dtors)
 *(EXCLUDE_FILE(*crtend.o) .dtors)
 *(SORT(.dtors.*))
 *crtend.o(.dtors)
                0x0040760c                . = ALIGN (0x4)
                0x0040760c                _efixed = .
                [!provide]                PROVIDE (__exidx_start, .)

.vfp11_veneer   0x0040760c        0x0
 .vfp11_veneer  0x0040760c        0x0 linker stubs

.v4_bx          0x0040760c        0x0
 .v4_bx         0x0040760c        0x0 linker stubs

.iplt           0x0040760c        0x0
 .iplt          0x0040760c        0x0 c:/program files (x86)/atmel/studio/7.0/toolchain/arm/arm-gnu-toolchain/bin/../lib/gcc/arm-none-eabi/6.2.1/thumb/v7e-m/crtbegin.o

.ARM.exidx      0x0040760c        0x8
 *(.ARM.exidx* .gnu.linkonce.armexidx.*)
 .ARM.exidx     0x0040760c        0x8 c:/program files (x86)/atmel/studio/7.0/toolchain/arm/arm-gnu-toolchain/bin/../lib/gcc/arm-none-eabi/6.2.1/thumb/v7e-m\libgcc.a(_udivmoddi4.o)
                [!provide]                PROVIDE (__exidx_end, .)

.eh_frame       0x00407614        0x0
 .eh_frame      0x00407614        0x0 c:/program files (x86)/atmel/studio/7.0/toolchain/arm/arm-gnu-toolchain/bin/../lib/gcc/arm-none-eabi/6.2.1/thumb/v7e-m/crtbegin.o

.rel.dyn        0x00407614        0x0
 .rel.iplt      0x00407614        0x0 c:/program files (x86)/atmel/studio/7.0/toolchain/arm/arm-gnu-toolchain/bin/../lib/gcc/arm-none-eabi/6.2.1/thumb/v7e-m/crtbegin.o

.jcr            0x00407614        0x0
 .jcr           0x00407614        0x0 c:/program files (x86)/atmel/studio/7.0/toolchain/arm/arm-gnu-toolchain/bin/../lib/gcc/arm-none-eabi/6.2.1/thumb/v7e-m/crtbegin.o

.igot.plt       0x00407614        0x0
 .igot.plt      0x00407614        0x0 c:/program files (x86)/atmel/studio/7.0/toolchain/arm/arm-gnu-toolchain/bin/../lib/gcc/arm-none-eabi/6.2.1/thumb/v7e-m/crtbegin.o
                0x00407614                . = ALIGN (0x4)
                0x00407614                _etext = .

.relocate       0x20000000      0x9bc load address 0x00407614
                0x20000000                . = ALIGN (0x4)
                0x20000000                _srelocate = .
 *(.ramfunc .ramfunc.*)
 .ramfunc       0x20000000        0xa src/ASF/common/services/delay/sam/cycle_counter.o
                0x20000000                portable_delay_cycles
 *(.data .data.*)
 *fill*         0x2000000a        0x2 
 .data.SystemCoreClock
                0x2000000c        0x4 src/ASF/sam/utils/cmsis/sam4s/source/templates/system_sam4s.o
                0x2000000c                SystemCoreClock
 .data._impure_ptr
                0x20000010        0x4 c:/program files (x86)/atmel/studio/7.0/toolchain/arm/arm-gnu-toolchain/bin/../lib/gcc/arm-none-eabi/6.2.1/../../../../arm-none-eabi/lib/thumb/v7e-m\libc.a(lib_a-impure.o)
                0x20000010                _impure_ptr
 *fill*         0x20000014        0x4 
 .data.impure_data
                0x20000018      0x428 c:/program files (x86)/atmel/studio/7.0/toolchain/arm/arm-gnu-toolchain/bin/../lib/gcc/arm-none-eabi/6.2.1/../../../../arm-none-eabi/lib/thumb/v7e-m\libc.a(lib_a-impure.o)
 .data.__malloc_av_
                0x20000440      0x408 c:/program files (x86)/atmel/studio/7.0/toolchain/arm/arm-gnu-toolchain/bin/../lib/gcc/arm-none-eabi/6.2.1/../../../../arm-none-eabi/lib/thumb/v7e-m\libc.a(lib_a-mallocr.o)
                0x20000440                __malloc_av_
 .data.__malloc_sbrk_base
                0x20000848        0x4 c:/program files (x86)/atmel/studio/7.0/toolchain/arm/arm-gnu-toolchain/bin/../lib/gcc/arm-none-eabi/6.2.1/../../../../arm-none-eabi/lib/thumb/v7e-m\libc.a(lib_a-mallocr.o)
                0x20000848                __malloc_sbrk_base
 .data.__malloc_trim_threshold
                0x2000084c        0x4 c:/program files (x86)/atmel/studio/7.0/toolchain/arm/arm-gnu-toolchain/bin/../lib/gcc/arm-none-eabi/6.2.1/../../../../arm-none-eabi/lib/thumb/v7e-m\libc.a(lib_a-mallocr.o)
                0x2000084c                __malloc_trim_threshold
 .data.__global_locale
                0x20000850      0x16c c:/program files (x86)/atmel/studio/7.0/toolchain/arm/arm-gnu-toolchain/bin/../lib/gcc/arm-none-eabi/6.2.1/../../../../arm-none-eabi/lib/thumb/v7e-m\libc.a(lib_a-locale.o)
                0x20000850                __global_locale
                0x200009bc                . = ALIGN (0x4)
                0x200009bc                _erelocate = .

.bss            0x200009bc    0x18b98 load address 0x00407fd0
                0x200009bc                . = ALIGN (0x4)
                0x200009bc                _sbss = .
                0x200009bc                _szero = .
 *(.bss .bss.*)
 .bss           0x200009bc       0x1c c:/program files (x86)/atmel/studio/7.0/toolchain/arm/arm-gnu-toolchain/bin/../lib/gcc/arm-none-eabi/6.2.1/thumb/v7e-m/crtbegin.o
 .bss.gs_interrupt_sources
                0x200009d8       0x70 src/ASF/sam/drivers/pio/pio_handler.o
 .bss.gs_ul_nb_sources
                0x20000a48        0x4 src/ASF/sam/drivers/pio/pio_handler.o
 .bss.pio_capture_handler
                0x20000a4c        0x4 src/ASF/sam/drivers/pio/pio_handler.o
 .bss.ul_reg_val.7438
                0x20000a50        0x4 src/ASF/sam/drivers/usart/usart.o
 .bss.g_ul_vsync_flag
                0x20000a54        0x4 src/camera.o
 .bss.input_pos_wifi
                0x20000a58        0x4 src/wifi.o
                0x20000a58                input_pos_wifi
 .bss.new_rx_wifi
                0x20000a5c        0x4 src/wifi.o
                0x20000a5c                new_rx_wifi
 .bss.received_byte_wifi
                0x20000a60        0x4 src/wifi.o
                0x20000a60                received_byte_wifi
 .bss.start_transfer
                0x20000a64        0x4 src/wifi.o
                0x20000a64                start_transfer
 .bss.start_transfer_flag
                0x20000a68        0x4 src/wifi.o
                0x20000a68                start_transfer_flag
 .bss.ul_sysclk.8616
                0x20000a6c        0x4 src/wifi.o
 .bss.wifi_web_setup_flag
                0x20000a70        0x4 src/wifi.o
                0x20000a70                wifi_web_setup_flag
 .bss.heap.5277
                0x20000a74        0x4 src/ASF/sam/utils/syscalls/gcc/syscalls.o
 .bss.__malloc_current_mallinfo
                0x20000a78       0x28 c:/program files (x86)/atmel/studio/7.0/toolchain/arm/arm-gnu-toolchain/bin/../lib/gcc/arm-none-eabi/6.2.1/../../../../arm-none-eabi/lib/thumb/v7e-m\libc.a(lib_a-mallocr.o)
                0x20000a78                __malloc_current_mallinfo
 .bss.__malloc_max_sbrked_mem
                0x20000aa0        0x4 c:/program files (x86)/atmel/studio/7.0/toolchain/arm/arm-gnu-toolchain/bin/../lib/gcc/arm-none-eabi/6.2.1/../../../../arm-none-eabi/lib/thumb/v7e-m\libc.a(lib_a-mallocr.o)
                0x20000aa0                __malloc_max_sbrked_mem
 .bss.__malloc_max_total_mem
                0x20000aa4        0x4 c:/program files (x86)/atmel/studio/7.0/toolchain/arm/arm-gnu-toolchain/bin/../lib/gcc/arm-none-eabi/6.2.1/../../../../arm-none-eabi/lib/thumb/v7e-m\libc.a(lib_a-mallocr.o)
                0x20000aa4                __malloc_max_total_mem
 .bss.__malloc_top_pad
                0x20000aa8        0x4 c:/program files (x86)/atmel/studio/7.0/toolchain/arm/arm-gnu-toolchain/bin/../lib/gcc/arm-none-eabi/6.2.1/../../../../arm-none-eabi/lib/thumb/v7e-m\libc.a(lib_a-mallocr.o)
                0x20000aa8                __malloc_top_pad
 *(COMMON)
 COMMON         0x20000aac    0x186b0 src/camera.o
                0x20000aac                end_image
                0x20000ab0                g_p_uc_cap_dest_buf
                0x20000ab4                start_image
                0x20000ab8                image_length
                0x20000abc                image_buffer
 COMMON         0x2001915c        0x1 src/timer_interface.o
                0x2001915c                counts
 *fill*         0x2001915d        0x3 
 COMMON         0x20019160      0x3ec src/wifi.o
                0x20019160                input_line_wifi
                0x20019548                wifi_status_pin_trigger
 COMMON         0x2001954c        0x4 src/ASF/sam/drivers/pio/pio.o
                0x2001954c                pio_capture_enable_flag
 COMMON         0x20019550        0x4 c:/program files (x86)/atmel/studio/7.0/toolchain/arm/arm-gnu-toolchain/bin/../lib/gcc/arm-none-eabi/6.2.1/../../../../arm-none-eabi/lib/thumb/v7e-m\libc.a(lib_a-reent.o)
                0x20019550                errno
                0x20019554                . = ALIGN (0x4)
                0x20019554                _ebss = .
                0x20019554                _ezero = .

.stack          0x20019554     0x3004 load address 0x00420b68
                0x20019558                . = ALIGN (0x8)
 *fill*         0x20019554        0x4 
                0x20019558                _sstack = .
                0x2001c558                . = (. + __stack_size__)
 *fill*         0x20019558     0x3000 
                0x2001c558                . = ALIGN (0x8)
                0x2001c558                _estack = .
                0x2001c558                . = ALIGN (0x4)
                0x2001c558                _end = .
OUTPUT(uart_test.elf elf32-littlearm)

.ARM.attributes
                0x00000000       0x2a
 .ARM.attributes
                0x00000000       0x1e c:/program files (x86)/atmel/studio/7.0/toolchain/arm/arm-gnu-toolchain/bin/../lib/gcc/arm-none-eabi/6.2.1/thumb/v7e-m/crti.o
 .ARM.attributes
                0x0000001e       0x2e c:/program files (x86)/atmel/studio/7.0/toolchain/arm/arm-gnu-toolchain/bin/../lib/gcc/arm-none-eabi/6.2.1/thumb/v7e-m/crtbegin.o
 .ARM.attributes
                0x0000004c       0x33 src/ASF/sam/drivers/pio/pio_handler.o
 .ARM.attributes
                0x0000007f       0x33 src/ASF/sam/drivers/tc/tc.o
 .ARM.attributes
                0x000000b2       0x33 src/ASF/sam/drivers/twi/twi.o
 .ARM.attributes
                0x000000e5       0x33 src/ASF/sam/drivers/usart/usart.o
 .ARM.attributes
                0x00000118       0x33 src/ASF/sam/drivers/wdt/wdt.o
 .ARM.attributes
                0x0000014b       0x33 src/camera.o
 .ARM.attributes
                0x0000017e       0x33 src/ov2640.o
 .ARM.attributes
                0x000001b1       0x33 src/ov2640_table_registers.o
 .ARM.attributes
                0x000001e4       0x33 src/timer_interface.o
 .ARM.attributes
                0x00000217       0x33 src/wifi.o
 .ARM.attributes
                0x0000024a       0x33 src/ASF/common/services/delay/sam/cycle_counter.o
 .ARM.attributes
                0x0000027d       0x33 src/ASF/common/services/clock/sam4s/sysclk.o
 .ARM.attributes
                0x000002b0       0x33 src/ASF/sam/drivers/pio/pio.o
 .ARM.attributes
                0x000002e3       0x33 src/ASF/sam/drivers/pmc/pmc.o
 .ARM.attributes
                0x00000316       0x33 src/ASF/common/boards/user_board/init.o
 .ARM.attributes
                0x00000349       0x33 src/ASF/sam/utils/cmsis/sam4s/source/templates/gcc/startup_sam4s.o
 .ARM.attributes
                0x0000037c       0x33 src/ASF/sam/utils/cmsis/sam4s/source/templates/system_sam4s.o
 .ARM.attributes
                0x000003af       0x33 src/ASF/sam/utils/syscalls/gcc/syscalls.o
 .ARM.attributes
                0x000003e2       0x33 src/main.o
 .ARM.attributes
                0x00000415       0x2e c:/program files (x86)/atmel/studio/7.0/toolchain/arm/arm-gnu-toolchain/bin/../lib/gcc/arm-none-eabi/6.2.1/../../../../arm-none-eabi/lib/thumb/v7e-m\libc.a(lib_a-impure.o)
 .ARM.attributes
                0x00000443       0x2e c:/program files (x86)/atmel/studio/7.0/toolchain/arm/arm-gnu-toolchain/bin/../lib/gcc/arm-none-eabi/6.2.1/../../../../arm-none-eabi/lib/thumb/v7e-m\libc.a(lib_a-init.o)
 .ARM.attributes
                0x00000471       0x2e c:/program files (x86)/atmel/studio/7.0/toolchain/arm/arm-gnu-toolchain/bin/../lib/gcc/arm-none-eabi/6.2.1/../../../../arm-none-eabi/lib/thumb/v7e-m\libc.a(lib_a-memset.o)
 .ARM.attributes
                0x0000049f       0x2e c:/program files (x86)/atmel/studio/7.0/toolchain/arm/arm-gnu-toolchain/bin/../lib/gcc/arm-none-eabi/6.2.1/../../../../arm-none-eabi/lib/thumb/v7e-m\libc.a(lib_a-sprintf.o)
 .ARM.attributes
                0x000004cd       0x2e c:/program files (x86)/atmel/studio/7.0/toolchain/arm/arm-gnu-toolchain/bin/../lib/gcc/arm-none-eabi/6.2.1/../../../../arm-none-eabi/lib/thumb/v7e-m\libc.a(lib_a-strstr.o)
 .ARM.attributes
                0x000004fb       0x2e c:/program files (x86)/atmel/studio/7.0/toolchain/arm/arm-gnu-toolchain/bin/../lib/gcc/arm-none-eabi/6.2.1/../../../../arm-none-eabi/lib/thumb/v7e-m\libc.a(lib_a-svfprintf.o)
 .ARM.attributes
                0x00000529       0x2e c:/program files (x86)/atmel/studio/7.0/toolchain/arm/arm-gnu-toolchain/bin/../lib/gcc/arm-none-eabi/6.2.1/../../../../arm-none-eabi/lib/thumb/v7e-m\libc.a(lib_a-__call_atexit.o)
 .ARM.attributes
                0x00000557       0x2e c:/program files (x86)/atmel/studio/7.0/toolchain/arm/arm-gnu-toolchain/bin/../lib/gcc/arm-none-eabi/6.2.1/../../../../arm-none-eabi/lib/thumb/v7e-m\libc.a(lib_a-atexit.o)
 .ARM.attributes
                0x00000585       0x2e c:/program files (x86)/atmel/studio/7.0/toolchain/arm/arm-gnu-toolchain/bin/../lib/gcc/arm-none-eabi/6.2.1/../../../../arm-none-eabi/lib/thumb/v7e-m\libc.a(lib_a-dtoa.o)
 .ARM.attributes
                0x000005b3       0x2e c:/program files (x86)/atmel/studio/7.0/toolchain/arm/arm-gnu-toolchain/bin/../lib/gcc/arm-none-eabi/6.2.1/../../../../arm-none-eabi/lib/thumb/v7e-m\libc.a(lib_a-fini.o)
 .ARM.attributes
                0x000005e1       0x2e c:/program files (x86)/atmel/studio/7.0/toolchain/arm/arm-gnu-toolchain/bin/../lib/gcc/arm-none-eabi/6.2.1/../../../../arm-none-eabi/lib/thumb/v7e-m\libc.a(lib_a-localeconv.o)
 .ARM.attributes
                0x0000060f       0x2e c:/program files (x86)/atmel/studio/7.0/toolchain/arm/arm-gnu-toolchain/bin/../lib/gcc/arm-none-eabi/6.2.1/../../../../arm-none-eabi/lib/thumb/v7e-m\libc.a(lib_a-mallocr.o)
 .ARM.attributes
                0x0000063d       0x1c c:/program files (x86)/atmel/studio/7.0/toolchain/arm/arm-gnu-toolchain/bin/../lib/gcc/arm-none-eabi/6.2.1/../../../../arm-none-eabi/lib/thumb/v7e-m\libc.a(lib_a-memchr.o)
 .ARM.attributes
                0x00000659       0x2e c:/program files (x86)/atmel/studio/7.0/toolchain/arm/arm-gnu-toolchain/bin/../lib/gcc/arm-none-eabi/6.2.1/../../../../arm-none-eabi/lib/thumb/v7e-m\libc.a(lib_a-memcmp.o)
 .ARM.attributes
                0x00000687       0x1c c:/program files (x86)/atmel/studio/7.0/toolchain/arm/arm-gnu-toolchain/bin/../lib/gcc/arm-none-eabi/6.2.1/../../../../arm-none-eabi/lib/thumb/v7e-m\libc.a(lib_a-memcpy.o)
 .ARM.attributes
                0x000006a3       0x2e c:/program files (x86)/atmel/studio/7.0/toolchain/arm/arm-gnu-toolchain/bin/../lib/gcc/arm-none-eabi/6.2.1/../../../../arm-none-eabi/lib/thumb/v7e-m\libc.a(lib_a-mlock.o)
 .ARM.attributes
                0x000006d1       0x2e c:/program files (x86)/atmel/studio/7.0/toolchain/arm/arm-gnu-toolchain/bin/../lib/gcc/arm-none-eabi/6.2.1/../../../../arm-none-eabi/lib/thumb/v7e-m\libc.a(lib_a-mprec.o)
 .ARM.attributes
                0x000006ff       0x2e c:/program files (x86)/atmel/studio/7.0/toolchain/arm/arm-gnu-toolchain/bin/../lib/gcc/arm-none-eabi/6.2.1/../../../../arm-none-eabi/lib/thumb/v7e-m\libc.a(lib_a-sbrkr.o)
 .ARM.attributes
                0x0000072d       0x2e c:/program files (x86)/atmel/studio/7.0/toolchain/arm/arm-gnu-toolchain/bin/../lib/gcc/arm-none-eabi/6.2.1/../../../../arm-none-eabi/lib/thumb/v7e-m\libc.a(lib_a-strchr.o)
 .ARM.attributes
                0x0000075b       0x1c c:/program files (x86)/atmel/studio/7.0/toolchain/arm/arm-gnu-toolchain/bin/../lib/gcc/arm-none-eabi/6.2.1/../../../../arm-none-eabi/lib/thumb/v7e-m\libc.a(lib_a-strlen.o)
 .ARM.attributes
                0x00000777       0x2e c:/program files (x86)/atmel/studio/7.0/toolchain/arm/arm-gnu-toolchain/bin/../lib/gcc/arm-none-eabi/6.2.1/../../../../arm-none-eabi/lib/thumb/v7e-m\libc.a(lib_a-svfiprintf.o)
 .ARM.attributes
                0x000007a5       0x2e c:/program files (x86)/atmel/studio/7.0/toolchain/arm/arm-gnu-toolchain/bin/../lib/gcc/arm-none-eabi/6.2.1/../../../../arm-none-eabi/lib/thumb/v7e-m\libc.a(lib_a-__atexit.o)
 .ARM.attributes
                0x000007d3       0x2e c:/program files (x86)/atmel/studio/7.0/toolchain/arm/arm-gnu-toolchain/bin/../lib/gcc/arm-none-eabi/6.2.1/../../../../arm-none-eabi/lib/thumb/v7e-m\libc.a(lib_a-callocr.o)
 .ARM.attributes
                0x00000801       0x2e c:/program files (x86)/atmel/studio/7.0/toolchain/arm/arm-gnu-toolchain/bin/../lib/gcc/arm-none-eabi/6.2.1/../../../../arm-none-eabi/lib/thumb/v7e-m\libc.a(lib_a-freer.o)
 .ARM.attributes
                0x0000082f       0x2e c:/program files (x86)/atmel/studio/7.0/toolchain/arm/arm-gnu-toolchain/bin/../lib/gcc/arm-none-eabi/6.2.1/../../../../arm-none-eabi/lib/thumb/v7e-m\libc.a(lib_a-locale.o)
 .ARM.attributes
                0x0000085d       0x2e c:/program files (x86)/atmel/studio/7.0/toolchain/arm/arm-gnu-toolchain/bin/../lib/gcc/arm-none-eabi/6.2.1/../../../../arm-none-eabi/lib/thumb/v7e-m\libc.a(lib_a-mbtowc_r.o)
 .ARM.attributes
                0x0000088b       0x2e c:/program files (x86)/atmel/studio/7.0/toolchain/arm/arm-gnu-toolchain/bin/../lib/gcc/arm-none-eabi/6.2.1/../../../../arm-none-eabi/lib/thumb/v7e-m\libc.a(lib_a-memmove.o)
 .ARM.attributes
                0x000008b9       0x2e c:/program files (x86)/atmel/studio/7.0/toolchain/arm/arm-gnu-toolchain/bin/../lib/gcc/arm-none-eabi/6.2.1/../../../../arm-none-eabi/lib/thumb/v7e-m\libc.a(lib_a-reallocr.o)
 .ARM.attributes
                0x000008e7       0x2e c:/program files (x86)/atmel/studio/7.0/toolchain/arm/arm-gnu-toolchain/bin/../lib/gcc/arm-none-eabi/6.2.1/../../../../arm-none-eabi/lib/thumb/v7e-m\libc.a(lib_a-reent.o)
 .ARM.attributes
                0x00000915       0x2e c:/program files (x86)/atmel/studio/7.0/toolchain/arm/arm-gnu-toolchain/bin/../lib/gcc/arm-none-eabi/6.2.1/../../../../arm-none-eabi/lib/thumb/v7e-m\libc.a(lib_a-wctomb_r.o)
 .ARM.attributes
                0x00000943       0x2e c:/program files (x86)/atmel/studio/7.0/toolchain/arm/arm-gnu-toolchain/bin/../lib/gcc/arm-none-eabi/6.2.1/../../../../arm-none-eabi/lib/thumb/v7e-m\libc.a(lib_a-ctype_.o)
 .ARM.attributes
                0x00000971       0x1e c:/program files (x86)/atmel/studio/7.0/toolchain/arm/arm-gnu-toolchain/bin/../lib/gcc/arm-none-eabi/6.2.1/thumb/v7e-m\libgcc.a(_arm_addsubdf3.o)
 .ARM.attributes
                0x0000098f       0x1e c:/program files (x86)/atmel/studio/7.0/toolchain/arm/arm-gnu-toolchain/bin/../lib/gcc/arm-none-eabi/6.2.1/thumb/v7e-m\libgcc.a(_arm_muldivdf3.o)
 .ARM.attributes
                0x000009ad       0x1e c:/program files (x86)/atmel/studio/7.0/toolchain/arm/arm-gnu-toolchain/bin/../lib/gcc/arm-none-eabi/6.2.1/thumb/v7e-m\libgcc.a(_arm_cmpdf2.o)
 .ARM.attributes
                0x000009cb       0x1e c:/program files (x86)/atmel/studio/7.0/toolchain/arm/arm-gnu-toolchain/bin/../lib/gcc/arm-none-eabi/6.2.1/thumb/v7e-m\libgcc.a(_arm_unorddf2.o)
 .ARM.attributes
                0x000009e9       0x1e c:/program files (x86)/atmel/studio/7.0/toolchain/arm/arm-gnu-toolchain/bin/../lib/gcc/arm-none-eabi/6.2.1/thumb/v7e-m\libgcc.a(_arm_fixdfsi.o)
 .ARM.attributes
                0x00000a07       0x1e c:/program files (x86)/atmel/studio/7.0/toolchain/arm/arm-gnu-toolchain/bin/../lib/gcc/arm-none-eabi/6.2.1/thumb/v7e-m\libgcc.a(_aeabi_uldivmod.o)
 .ARM.attributes
                0x00000a25       0x2e c:/program files (x86)/atmel/studio/7.0/toolchain/arm/arm-gnu-toolchain/bin/../lib/gcc/arm-none-eabi/6.2.1/thumb/v7e-m\libgcc.a(_udivmoddi4.o)
 .ARM.attributes
                0x00000a53       0x1e c:/program files (x86)/atmel/studio/7.0/toolchain/arm/arm-gnu-toolchain/bin/../lib/gcc/arm-none-eabi/6.2.1/thumb/v7e-m\libgcc.a(_dvmd_tls.o)
 .ARM.attributes
                0x00000a71       0x1e c:/program files (x86)/atmel/studio/7.0/toolchain/arm/arm-gnu-toolchain/bin/../lib/gcc/arm-none-eabi/6.2.1/thumb/v7e-m/crtn.o

.comment        0x00000000       0x59
 .comment       0x00000000       0x59 src/ASF/sam/drivers/pio/pio_handler.o
                                 0x5a (size before relaxing)
 .comment       0x00000059       0x5a src/ASF/sam/drivers/tc/tc.o
 .comment       0x00000059       0x5a src/ASF/sam/drivers/twi/twi.o
 .comment       0x00000059       0x5a src/ASF/sam/drivers/usart/usart.o
 .comment       0x00000059       0x5a src/ASF/sam/drivers/wdt/wdt.o
 .comment       0x00000059       0x5a src/camera.o
 .comment       0x00000059       0x5a src/ov2640.o
 .comment       0x00000059       0x5a src/ov2640_table_registers.o
 .comment       0x00000059       0x5a src/timer_interface.o
 .comment       0x00000059       0x5a src/wifi.o
 .comment       0x00000059       0x5a src/ASF/common/services/delay/sam/cycle_counter.o
 .comment       0x00000059       0x5a src/ASF/common/services/clock/sam4s/sysclk.o
 .comment       0x00000059       0x5a src/ASF/sam/drivers/pio/pio.o
 .comment       0x00000059       0x5a src/ASF/sam/drivers/pmc/pmc.o
 .comment       0x00000059       0x5a src/ASF/common/boards/user_board/init.o
 .comment       0x00000059       0x5a src/ASF/sam/utils/cmsis/sam4s/source/templates/gcc/startup_sam4s.o
 .comment       0x00000059       0x5a src/ASF/sam/utils/cmsis/sam4s/source/templates/system_sam4s.o
 .comment       0x00000059       0x5a src/ASF/sam/utils/syscalls/gcc/syscalls.o
 .comment       0x00000059       0x5a src/main.o

.debug_info     0x00000000    0x17eb4
 .debug_info    0x00000000     0x1885 src/ASF/sam/drivers/pio/pio_handler.o
 .debug_info    0x00001885     0x1233 src/ASF/sam/drivers/tc/tc.o
 .debug_info    0x00002ab8     0x142c src/ASF/sam/drivers/twi/twi.o
 .debug_info    0x00003ee4     0x2054 src/ASF/sam/drivers/usart/usart.o
 .debug_info    0x00005f38      0xbd9 src/ASF/sam/drivers/wdt/wdt.o
 .debug_info    0x00006b11     0x210f src/camera.o
 .debug_info    0x00008c20     0x1c9a src/ov2640.o
 .debug_info    0x0000a8ba      0xc66 src/ov2640_table_registers.o
 .debug_info    0x0000b520     0x1074 src/timer_interface.o
 .debug_info    0x0000c594     0x1c82 src/wifi.o
 .debug_info    0x0000e216      0xa39 src/ASF/common/services/delay/sam/cycle_counter.o
 .debug_info    0x0000ec4f     0x12b6 src/ASF/common/services/clock/sam4s/sysclk.o
 .debug_info    0x0000ff05     0x2211 src/ASF/sam/drivers/pio/pio.o
 .debug_info    0x00012116     0x1a11 src/ASF/sam/drivers/pmc/pmc.o
 .debug_info    0x00013b27     0x14f7 src/ASF/common/boards/user_board/init.o
 .debug_info    0x0001501e      0x6eb src/ASF/sam/utils/cmsis/sam4s/source/templates/gcc/startup_sam4s.o
 .debug_info    0x00015709      0x458 src/ASF/sam/utils/cmsis/sam4s/source/templates/system_sam4s.o
 .debug_info    0x00015b61      0xda4 src/ASF/sam/utils/syscalls/gcc/syscalls.o
 .debug_info    0x00016905     0x15af src/main.o

.debug_abbrev   0x00000000     0x3663
 .debug_abbrev  0x00000000      0x368 src/ASF/sam/drivers/pio/pio_handler.o
 .debug_abbrev  0x00000368      0x293 src/ASF/sam/drivers/tc/tc.o
 .debug_abbrev  0x000005fb      0x3bd src/ASF/sam/drivers/twi/twi.o
 .debug_abbrev  0x000009b8      0x406 src/ASF/sam/drivers/usart/usart.o
 .debug_abbrev  0x00000dbe      0x230 src/ASF/sam/drivers/wdt/wdt.o
 .debug_abbrev  0x00000fee      0x3da src/camera.o
 .debug_abbrev  0x000013c8      0x3b0 src/ov2640.o
 .debug_abbrev  0x00001778      0x1b4 src/ov2640_table_registers.o
 .debug_abbrev  0x0000192c      0x2b8 src/timer_interface.o
 .debug_abbrev  0x00001be4      0x38d src/wifi.o
 .debug_abbrev  0x00001f71      0x1b3 src/ASF/common/services/delay/sam/cycle_counter.o
 .debug_abbrev  0x00002124      0x333 src/ASF/common/services/clock/sam4s/sysclk.o
 .debug_abbrev  0x00002457      0x3ff src/ASF/sam/drivers/pio/pio.o
 .debug_abbrev  0x00002856      0x315 src/ASF/sam/drivers/pmc/pmc.o
 .debug_abbrev  0x00002b6b      0x2e2 src/ASF/common/boards/user_board/init.o
 .debug_abbrev  0x00002e4d      0x17c src/ASF/sam/utils/cmsis/sam4s/source/templates/gcc/startup_sam4s.o
 .debug_abbrev  0x00002fc9      0x102 src/ASF/sam/utils/cmsis/sam4s/source/templates/system_sam4s.o
 .debug_abbrev  0x000030cb      0x264 src/ASF/sam/utils/syscalls/gcc/syscalls.o
 .debug_abbrev  0x0000332f      0x334 src/main.o

.debug_loc      0x00000000     0x51df
 .debug_loc     0x00000000      0x529 src/ASF/sam/drivers/pio/pio_handler.o
 .debug_loc     0x00000529      0x5a4 src/ASF/sam/drivers/tc/tc.o
 .debug_loc     0x00000acd      0xa18 src/ASF/sam/drivers/twi/twi.o
 .debug_loc     0x000014e5      0xe59 src/ASF/sam/drivers/usart/usart.o
 .debug_loc     0x0000233e      0x145 src/ASF/sam/drivers/wdt/wdt.o
 .debug_loc     0x00002483      0x19a src/camera.o
 .debug_loc     0x0000261d      0x9a9 src/ov2640.o
 .debug_loc     0x00002fc6       0x6c src/timer_interface.o
 .debug_loc     0x00003032      0x28f src/wifi.o
 .debug_loc     0x000032c1      0x1d9 src/ASF/common/services/clock/sam4s/sysclk.o
 .debug_loc     0x0000349a      0xdef src/ASF/sam/drivers/pio/pio.o
 .debug_loc     0x00004289      0xb91 src/ASF/sam/drivers/pmc/pmc.o
 .debug_loc     0x00004e1a      0x163 src/ASF/common/boards/user_board/init.o
 .debug_loc     0x00004f7d       0xa1 src/ASF/sam/utils/cmsis/sam4s/source/templates/gcc/startup_sam4s.o
 .debug_loc     0x0000501e       0xfd src/ASF/sam/utils/syscalls/gcc/syscalls.o
 .debug_loc     0x0000511b       0xc4 src/main.o

.debug_aranges  0x00000000      0xaa8
 .debug_aranges
                0x00000000       0x50 src/ASF/sam/drivers/pio/pio_handler.o
 .debug_aranges
                0x00000050       0xd0 src/ASF/sam/drivers/tc/tc.o
 .debug_aranges
                0x00000120       0xc0 src/ASF/sam/drivers/twi/twi.o
 .debug_aranges
                0x000001e0      0x210 src/ASF/sam/drivers/usart/usart.o
 .debug_aranges
                0x000003f0       0x48 src/ASF/sam/drivers/wdt/wdt.o
 .debug_aranges
                0x00000438       0x48 src/camera.o
 .debug_aranges
                0x00000480       0x78 src/ov2640.o
 .debug_aranges
                0x000004f8       0x18 src/ov2640_table_registers.o
 .debug_aranges
                0x00000510       0x28 src/timer_interface.o
 .debug_aranges
                0x00000538       0x68 src/wifi.o
 .debug_aranges
                0x000005a0       0x20 src/ASF/common/services/delay/sam/cycle_counter.o
 .debug_aranges
                0x000005c0       0x40 src/ASF/common/services/clock/sam4s/sysclk.o
 .debug_aranges
                0x00000600      0x1a8 src/ASF/sam/drivers/pio/pio.o
 .debug_aranges
                0x000007a8      0x208 src/ASF/sam/drivers/pmc/pmc.o
 .debug_aranges
                0x000009b0       0x20 src/ASF/common/boards/user_board/init.o
 .debug_aranges
                0x000009d0       0x28 src/ASF/sam/utils/cmsis/sam4s/source/templates/gcc/startup_sam4s.o
 .debug_aranges
                0x000009f8       0x30 src/ASF/sam/utils/cmsis/sam4s/source/templates/system_sam4s.o
 .debug_aranges
                0x00000a28       0x60 src/ASF/sam/utils/syscalls/gcc/syscalls.o
 .debug_aranges
                0x00000a88       0x20 src/main.o

.debug_ranges   0x00000000      0xa00
 .debug_ranges  0x00000000       0x58 src/ASF/sam/drivers/pio/pio_handler.o
 .debug_ranges  0x00000058       0xc0 src/ASF/sam/drivers/tc/tc.o
 .debug_ranges  0x00000118       0xb0 src/ASF/sam/drivers/twi/twi.o
 .debug_ranges  0x000001c8      0x200 src/ASF/sam/drivers/usart/usart.o
 .debug_ranges  0x000003c8       0x38 src/ASF/sam/drivers/wdt/wdt.o
 .debug_ranges  0x00000400       0x50 src/camera.o
 .debug_ranges  0x00000450       0x80 src/ov2640.o
 .debug_ranges  0x000004d0       0x18 src/timer_interface.o
 .debug_ranges  0x000004e8       0x58 src/wifi.o
 .debug_ranges  0x00000540       0x10 src/ASF/common/services/delay/sam/cycle_counter.o
 .debug_ranges  0x00000550       0x30 src/ASF/common/services/clock/sam4s/sysclk.o
 .debug_ranges  0x00000580      0x1b0 src/ASF/sam/drivers/pio/pio.o
 .debug_ranges  0x00000730      0x1f8 src/ASF/sam/drivers/pmc/pmc.o
 .debug_ranges  0x00000928       0x10 src/ASF/common/boards/user_board/init.o
 .debug_ranges  0x00000938       0x18 src/ASF/sam/utils/cmsis/sam4s/source/templates/gcc/startup_sam4s.o
 .debug_ranges  0x00000950       0x20 src/ASF/sam/utils/cmsis/sam4s/source/templates/system_sam4s.o
 .debug_ranges  0x00000970       0x50 src/ASF/sam/utils/syscalls/gcc/syscalls.o
 .debug_ranges  0x000009c0       0x40 src/main.o

.debug_macro    0x00000000    0x151e0
 .debug_macro   0x00000000      0x4fd src/ASF/sam/drivers/pio/pio_handler.o
 .debug_macro   0x000004fd      0x8c2 src/ASF/sam/drivers/pio/pio_handler.o
 .debug_macro   0x00000dbf      0x16d src/ASF/sam/drivers/pio/pio_handler.o
 .debug_macro   0x00000f2c      0x64b src/ASF/sam/drivers/pio/pio_handler.o
 .debug_macro   0x00001577       0x76 src/ASF/sam/drivers/pio/pio_handler.o
 .debug_macro   0x000015ed       0x16 src/ASF/sam/drivers/pio/pio_handler.o
 .debug_macro   0x00001603      0x6e4 src/ASF/sam/drivers/pio/pio_handler.o
 .debug_macro   0x00001ce7       0x22 src/ASF/sam/drivers/pio/pio_handler.o
 .debug_macro   0x00001d09       0x87 src/ASF/sam/drivers/pio/pio_handler.o
 .debug_macro   0x00001d90       0x51 src/ASF/sam/drivers/pio/pio_handler.o
 .debug_macro   0x00001de1       0xef src/ASF/sam/drivers/pio/pio_handler.o
 .debug_macro   0x00001ed0       0x6a src/ASF/sam/drivers/pio/pio_handler.o
 .debug_macro   0x00001f3a      0x1df src/ASF/sam/drivers/pio/pio_handler.o
 .debug_macro   0x00002119       0x27 src/ASF/sam/drivers/pio/pio_handler.o
 .debug_macro   0x00002140       0x3b src/ASF/sam/drivers/pio/pio_handler.o
 .debug_macro   0x0000217b       0x2d src/ASF/sam/drivers/pio/pio_handler.o
 .debug_macro   0x000021a8       0x26 src/ASF/sam/drivers/pio/pio_handler.o
 .debug_macro   0x000021ce      0xbbf src/ASF/sam/drivers/pio/pio_handler.o
 .debug_macro   0x00002d8d      0x159 src/ASF/sam/drivers/pio/pio_handler.o
 .debug_macro   0x00002ee6      0xaaf src/ASF/sam/drivers/pio/pio_handler.o
 .debug_macro   0x00003995      0x1b9 src/ASF/sam/drivers/pio/pio_handler.o
 .debug_macro   0x00003b4e       0xac src/ASF/sam/drivers/pio/pio_handler.o
 .debug_macro   0x00003bfa      0x401 src/ASF/sam/drivers/pio/pio_handler.o
 .debug_macro   0x00003ffb      0x106 src/ASF/sam/drivers/pio/pio_handler.o
 .debug_macro   0x00004101       0x1c src/ASF/sam/drivers/pio/pio_handler.o
 .debug_macro   0x0000411d      0x738 src/ASF/sam/drivers/pio/pio_handler.o
 .debug_macro   0x00004855      0x2d2 src/ASF/sam/drivers/pio/pio_handler.o
 .debug_macro   0x00004b27       0xbe src/ASF/sam/drivers/pio/pio_handler.o
 .debug_macro   0x00004be5     0x280b src/ASF/sam/drivers/pio/pio_handler.o
 .debug_macro   0x000073f0      0x777 src/ASF/sam/drivers/pio/pio_handler.o
 .debug_macro   0x00007b67      0xa8e src/ASF/sam/drivers/pio/pio_handler.o
 .debug_macro   0x000085f5       0x9a src/ASF/sam/drivers/pio/pio_handler.o
 .debug_macro   0x0000868f      0x3d8 src/ASF/sam/drivers/pio/pio_handler.o
 .debug_macro   0x00008a67       0x64 src/ASF/sam/drivers/pio/pio_handler.o
 .debug_macro   0x00008acb      0x386 src/ASF/sam/drivers/pio/pio_handler.o
 .debug_macro   0x00008e51      0x624 src/ASF/sam/drivers/pio/pio_handler.o
 .debug_macro   0x00009475      0x690 src/ASF/sam/drivers/pio/pio_handler.o
 .debug_macro   0x00009b05      0x59f src/ASF/sam/drivers/pio/pio_handler.o
 .debug_macro   0x0000a0a4      0x34d src/ASF/sam/drivers/pio/pio_handler.o
 .debug_macro   0x0000a3f1      0x28c src/ASF/sam/drivers/pio/pio_handler.o
 .debug_macro   0x0000a67d      0x2d6 src/ASF/sam/drivers/pio/pio_handler.o
 .debug_macro   0x0000a953      0x6d9 src/ASF/sam/drivers/pio/pio_handler.o
 .debug_macro   0x0000b02c       0x76 src/ASF/sam/drivers/pio/pio_handler.o
 .debug_macro   0x0000b0a2       0xb8 src/ASF/sam/drivers/pio/pio_handler.o
 .debug_macro   0x0000b15a       0xb2 src/ASF/sam/drivers/pio/pio_handler.o
 .debug_macro   0x0000b20c       0x88 src/ASF/sam/drivers/pio/pio_handler.o
 .debug_macro   0x0000b294      0x105 src/ASF/sam/drivers/pio/pio_handler.o
 .debug_macro   0x0000b399       0x88 src/ASF/sam/drivers/pio/pio_handler.o
 .debug_macro   0x0000b421       0x88 src/ASF/sam/drivers/pio/pio_handler.o
 .debug_macro   0x0000b4a9      0x2cd src/ASF/sam/drivers/pio/pio_handler.o
 .debug_macro   0x0000b776       0xb2 src/ASF/sam/drivers/pio/pio_handler.o
 .debug_macro   0x0000b828       0xb2 src/ASF/sam/drivers/pio/pio_handler.o
 .debug_macro   0x0000b8da       0x52 src/ASF/sam/drivers/pio/pio_handler.o
 .debug_macro   0x0000b92c       0xac src/ASF/sam/drivers/pio/pio_handler.o
 .debug_macro   0x0000b9d8       0x7c src/ASF/sam/drivers/pio/pio_handler.o
 .debug_macro   0x0000ba54       0x40 src/ASF/sam/drivers/pio/pio_handler.o
 .debug_macro   0x0000ba94       0x64 src/ASF/sam/drivers/pio/pio_handler.o
 .debug_macro   0x0000baf8       0x4c src/ASF/sam/drivers/pio/pio_handler.o
 .debug_macro   0x0000bb44       0xa6 src/ASF/sam/drivers/pio/pio_handler.o
 .debug_macro   0x0000bbea       0x7c src/ASF/sam/drivers/pio/pio_handler.o
 .debug_macro   0x0000bc66       0x16 src/ASF/sam/drivers/pio/pio_handler.o
 .debug_macro   0x0000bc7c       0x7c src/ASF/sam/drivers/pio/pio_handler.o
 .debug_macro   0x0000bcf8       0x22 src/ASF/sam/drivers/pio/pio_handler.o
 .debug_macro   0x0000bd1a      0x195 src/ASF/sam/drivers/pio/pio_handler.o
 .debug_macro   0x0000beaf      0x165 src/ASF/sam/drivers/pio/pio_handler.o
 .debug_macro   0x0000c014       0x1c src/ASF/sam/drivers/pio/pio_handler.o
 .debug_macro   0x0000c030       0x2e src/ASF/sam/drivers/pio/pio_handler.o
 .debug_macro   0x0000c05e       0x22 src/ASF/sam/drivers/pio/pio_handler.o
 .debug_macro   0x0000c080       0x1c src/ASF/sam/drivers/pio/pio_handler.o
 .debug_macro   0x0000c09c       0x52 src/ASF/sam/drivers/pio/pio_handler.o
 .debug_macro   0x0000c0ee       0x10 src/ASF/sam/drivers/pio/pio_handler.o
 .debug_macro   0x0000c0fe      0x1e7 src/ASF/sam/drivers/pio/pio_handler.o
 .debug_macro   0x0000c2e5      0x60e src/ASF/sam/drivers/pio/pio_handler.o
 .debug_macro   0x0000c8f3      0x107 src/ASF/sam/drivers/pio/pio_handler.o
 .debug_macro   0x0000c9fa       0x52 src/ASF/sam/drivers/pio/pio_handler.o
 .debug_macro   0x0000ca4c       0x35 src/ASF/sam/drivers/pio/pio_handler.o
 .debug_macro   0x0000ca81       0x9c src/ASF/sam/drivers/pio/pio_handler.o
 .debug_macro   0x0000cb1d       0x16 src/ASF/sam/drivers/pio/pio_handler.o
 .debug_macro   0x0000cb33       0x35 src/ASF/sam/drivers/pio/pio_handler.o
 .debug_macro   0x0000cb68      0x330 src/ASF/sam/drivers/pio/pio_handler.o
 .debug_macro   0x0000ce98       0x10 src/ASF/sam/drivers/pio/pio_handler.o
 .debug_macro   0x0000cea8       0x52 src/ASF/sam/drivers/pio/pio_handler.o
 .debug_macro   0x0000cefa       0x1f src/ASF/sam/drivers/pio/pio_handler.o
 .debug_macro   0x0000cf19       0x43 src/ASF/sam/drivers/pio/pio_handler.o
 .debug_macro   0x0000cf5c       0x20 src/ASF/sam/drivers/pio/pio_handler.o
 .debug_macro   0x0000cf7c      0x187 src/ASF/sam/drivers/pio/pio_handler.o
 .debug_macro   0x0000d103       0x10 src/ASF/sam/drivers/pio/pio_handler.o
 .debug_macro   0x0000d113       0x1c src/ASF/sam/drivers/pio/pio_handler.o
 .debug_macro   0x0000d12f       0x52 src/ASF/sam/drivers/pio/pio_handler.o
 .debug_macro   0x0000d181       0x40 src/ASF/sam/drivers/pio/pio_handler.o
 .debug_macro   0x0000d1c1       0x10 src/ASF/sam/drivers/pio/pio_handler.o
 .debug_macro   0x0000d1d1       0x40 src/ASF/sam/drivers/pio/pio_handler.o
 .debug_macro   0x0000d211       0xd7 src/ASF/sam/drivers/pio/pio_handler.o
 .debug_macro   0x0000d2e8       0x16 src/ASF/sam/drivers/pio/pio_handler.o
 .debug_macro   0x0000d2fe      0x18b src/ASF/sam/drivers/pio/pio_handler.o
 .debug_macro   0x0000d489       0x22 src/ASF/sam/drivers/pio/pio_handler.o
 .debug_macro   0x0000d4ab       0x16 src/ASF/sam/drivers/pio/pio_handler.o
 .debug_macro   0x0000d4c1       0x16 src/ASF/sam/drivers/pio/pio_handler.o
 .debug_macro   0x0000d4d7       0x29 src/ASF/sam/drivers/pio/pio_handler.o
 .debug_macro   0x0000d500       0x75 src/ASF/sam/drivers/pio/pio_handler.o
 .debug_macro   0x0000d575       0x3f src/ASF/sam/drivers/pio/pio_handler.o
 .debug_macro   0x0000d5b4      0x3ca src/ASF/sam/drivers/pio/pio_handler.o
 .debug_macro   0x0000d97e       0x8e src/ASF/sam/drivers/pio/pio_handler.o
 .debug_macro   0x0000da0c      0x4f4 src/ASF/sam/drivers/tc/tc.o
 .debug_macro   0x0000df00       0x4c src/ASF/sam/drivers/tc/tc.o
 .debug_macro   0x0000df4c       0x8d src/ASF/sam/drivers/tc/tc.o
 .debug_macro   0x0000dfd9       0x16 src/ASF/sam/drivers/tc/tc.o
 .debug_macro   0x0000dfef       0x57 src/ASF/sam/drivers/tc/tc.o
 .debug_macro   0x0000e046       0x1c src/ASF/sam/drivers/tc/tc.o
 .debug_macro   0x0000e062      0x511 src/ASF/sam/drivers/twi/twi.o
 .debug_macro   0x0000e573       0x46 src/ASF/sam/drivers/twi/twi.o
 .debug_macro   0x0000e5b9      0x523 src/ASF/sam/drivers/usart/usart.o
 .debug_macro   0x0000eadc       0x28 src/ASF/sam/drivers/usart/usart.o
 .debug_macro   0x0000eb04      0x500 src/ASF/sam/drivers/wdt/wdt.o
 .debug_macro   0x0000f004      0x66e src/camera.o
 .debug_macro   0x0000f672       0x7c src/camera.o
 .debug_macro   0x0000f6ee       0x46 src/camera.o
 .debug_macro   0x0000f734      0x2c6 src/camera.o
 .debug_macro   0x0000f9fa       0x58 src/camera.o
 .debug_macro   0x0000fa52       0x64 src/camera.o
 .debug_macro   0x0000fab6       0x46 src/camera.o
 .debug_macro   0x0000fafc       0x90 src/camera.o
 .debug_macro   0x0000fb8c       0x28 src/camera.o
 .debug_macro   0x0000fbb4       0x23 src/camera.o
 .debug_macro   0x0000fbd7       0x94 src/camera.o
 .debug_macro   0x0000fc6b       0x40 src/camera.o
 .debug_macro   0x0000fcab       0x88 src/camera.o
 .debug_macro   0x0000fd33       0x34 src/camera.o
 .debug_macro   0x0000fd67       0x4c src/camera.o
 .debug_macro   0x0000fdb3       0x10 src/camera.o
 .debug_macro   0x0000fdc3       0x16 src/camera.o
 .debug_macro   0x0000fdd9       0x1c src/camera.o
 .debug_macro   0x0000fdf5       0x2e src/camera.o
 .debug_macro   0x0000fe23       0x10 src/camera.o
 .debug_macro   0x0000fe33      0x166 src/camera.o
 .debug_macro   0x0000ff99      0x401 src/camera.o
 .debug_macro   0x0001039a      0x5b5 src/ov2640.o
 .debug_macro   0x0001094f      0x3fb src/ov2640.o
 .debug_macro   0x00010d4a       0x16 src/ov2640.o
 .debug_macro   0x00010d60      0x591 src/ov2640_table_registers.o
 .debug_macro   0x000112f1      0x2c0 src/ov2640_table_registers.o
 .debug_macro   0x000115b1      0x689 src/timer_interface.o
 .debug_macro   0x00011c3a      0x69d src/wifi.o
 .debug_macro   0x000122d7       0xbe src/wifi.o
 .debug_macro   0x00012395      0x16c src/wifi.o
 .debug_macro   0x00012501       0x10 src/wifi.o
 .debug_macro   0x00012511      0x4ed src/ASF/common/services/delay/sam/cycle_counter.o
 .debug_macro   0x000129fe       0x22 src/ASF/common/services/delay/sam/cycle_counter.o
 .debug_macro   0x00012a20      0x558 src/ASF/common/services/clock/sam4s/sysclk.o
 .debug_macro   0x00012f78      0x4f3 src/ASF/sam/drivers/pio/pio.o
 .debug_macro   0x0001346b      0x4f3 src/ASF/sam/drivers/pmc/pmc.o
 .debug_macro   0x0001395e       0x52 src/ASF/sam/drivers/pmc/pmc.o
 .debug_macro   0x000139b0      0x692 src/ASF/common/boards/user_board/init.o
 .debug_macro   0x00014042      0x2df src/ASF/sam/utils/cmsis/sam4s/source/templates/gcc/startup_sam4s.o
 .debug_macro   0x00014321      0x2e7 src/ASF/sam/utils/cmsis/sam4s/source/templates/system_sam4s.o
 .debug_macro   0x00014608      0x1d6 src/ASF/sam/utils/syscalls/gcc/syscalls.o
 .debug_macro   0x000147de       0x97 src/ASF/sam/utils/syscalls/gcc/syscalls.o
 .debug_macro   0x00014875       0xf6 src/ASF/sam/utils/syscalls/gcc/syscalls.o
 .debug_macro   0x0001496b       0x4c src/ASF/sam/utils/syscalls/gcc/syscalls.o
 .debug_macro   0x000149b7       0x16 src/ASF/sam/utils/syscalls/gcc/syscalls.o
 .debug_macro   0x000149cd       0x10 src/ASF/sam/utils/syscalls/gcc/syscalls.o
 .debug_macro   0x000149dd       0x10 src/ASF/sam/utils/syscalls/gcc/syscalls.o
 .debug_macro   0x000149ed       0x35 src/ASF/sam/utils/syscalls/gcc/syscalls.o
 .debug_macro   0x00014a22      0x122 src/ASF/sam/utils/syscalls/gcc/syscalls.o
 .debug_macro   0x00014b44      0x69c src/main.o

.debug_line     0x00000000     0xeb7f
 .debug_line    0x00000000      0xae1 src/ASF/sam/drivers/pio/pio_handler.o
 .debug_line    0x00000ae1      0xbc6 src/ASF/sam/drivers/tc/tc.o
 .debug_line    0x000016a7      0xc67 src/ASF/sam/drivers/twi/twi.o
 .debug_line    0x0000230e      0xfa4 src/ASF/sam/drivers/usart/usart.o
 .debug_line    0x000032b2      0xa7a src/ASF/sam/drivers/wdt/wdt.o
 .debug_line    0x00003d2c      0xf86 src/camera.o
 .debug_line    0x00004cb2      0xdcd src/ov2640.o
 .debug_line    0x00005a7f      0xbdc src/ov2640_table_registers.o
 .debug_line    0x0000665b      0xecc src/timer_interface.o
 .debug_line    0x00007527      0xfd8 src/wifi.o
 .debug_line    0x000084ff      0xa2e src/ASF/common/services/delay/sam/cycle_counter.o
 .debug_line    0x00008f2d      0xbb7 src/ASF/common/services/clock/sam4s/sysclk.o
 .debug_line    0x00009ae4      0xed7 src/ASF/sam/drivers/pio/pio.o
 .debug_line    0x0000a9bb      0xfbc src/ASF/sam/drivers/pmc/pmc.o
 .debug_line    0x0000b977      0xebc src/ASF/common/boards/user_board/init.o
 .debug_line    0x0000c833      0x803 src/ASF/sam/utils/cmsis/sam4s/source/templates/gcc/startup_sam4s.o
 .debug_line    0x0000d036      0x82d src/ASF/sam/utils/cmsis/sam4s/source/templates/system_sam4s.o
 .debug_line    0x0000d863      0x40b src/ASF/sam/utils/syscalls/gcc/syscalls.o
 .debug_line    0x0000dc6e      0xf11 src/main.o

.debug_str      0x00000000    0x4f2c9
 .debug_str     0x00000000    0x47d32 src/ASF/sam/drivers/pio/pio_handler.o
                              0x481b0 (size before relaxing)
 .debug_str     0x00047d32      0x396 src/ASF/sam/drivers/tc/tc.o
                              0x47a0b (size before relaxing)
 .debug_str     0x000480c8      0x4f6 src/ASF/sam/drivers/twi/twi.o
                              0x47bc3 (size before relaxing)
 .debug_str     0x000485be      0x958 src/ASF/sam/drivers/usart/usart.o
                              0x480a5 (size before relaxing)
 .debug_str     0x00048f16      0x135 src/ASF/sam/drivers/wdt/wdt.o
                              0x477a7 (size before relaxing)
 .debug_str     0x0004904b     0x3f0a src/camera.o
                              0x4c257 (size before relaxing)
 .debug_str     0x0004cf55      0x22e src/ov2640.o
                              0x4b041 (size before relaxing)
 .debug_str     0x0004d183       0x20 src/ov2640_table_registers.o
                              0x4a7fa (size before relaxing)
 .debug_str     0x0004d1a3       0x66 src/timer_interface.o
                              0x49e38 (size before relaxing)
 .debug_str     0x0004d209      0x6af src/wifi.o
                              0x4afeb (size before relaxing)
 .debug_str     0x0004d8b8       0x35 src/ASF/common/services/delay/sam/cycle_counter.o
                              0x47820 (size before relaxing)
 .debug_str     0x0004d8ed      0x271 src/ASF/common/services/clock/sam4s/sysclk.o
                              0x48ecf (size before relaxing)
 .debug_str     0x0004db5e      0x3f1 src/ASF/sam/drivers/pio/pio.o
                              0x482c0 (size before relaxing)
 .debug_str     0x0004df4f      0x5b9 src/ASF/sam/drivers/pmc/pmc.o
                              0x4811e (size before relaxing)
 .debug_str     0x0004e508      0x150 src/ASF/common/boards/user_board/init.o
                              0x4aa54 (size before relaxing)
 .debug_str     0x0004e658      0x428 src/ASF/sam/utils/cmsis/sam4s/source/templates/gcc/startup_sam4s.o
                              0x37eb0 (size before relaxing)
 .debug_str     0x0004ea80       0xb9 src/ASF/sam/utils/cmsis/sam4s/source/templates/system_sam4s.o
                              0x37c4f (size before relaxing)
 .debug_str     0x0004eb39      0x768 src/ASF/sam/utils/syscalls/gcc/syscalls.o
                               0x7291 (size before relaxing)
 .debug_str     0x0004f2a1       0x28 src/main.o
                              0x4ab84 (size before relaxing)

.debug_frame    0x00000000     0x2324
 .debug_frame   0x00000000       0xdc src/ASF/sam/drivers/pio/pio_handler.o
 .debug_frame   0x000000dc      0x1a8 src/ASF/sam/drivers/tc/tc.o
 .debug_frame   0x00000284      0x1d8 src/ASF/sam/drivers/twi/twi.o
 .debug_frame   0x0000045c      0x48c src/ASF/sam/drivers/usart/usart.o
 .debug_frame   0x000008e8       0x7c src/ASF/sam/drivers/wdt/wdt.o
 .debug_frame   0x00000964       0xa4 src/camera.o
 .debug_frame   0x00000a08      0x190 src/ov2640.o
 .debug_frame   0x00000b98       0x48 src/timer_interface.o
 .debug_frame   0x00000be0      0x114 src/wifi.o
 .debug_frame   0x00000cf4       0x20 src/ASF/common/services/delay/sam/cycle_counter.o
 .debug_frame   0x00000d14       0x88 src/ASF/common/services/clock/sam4s/sysclk.o
 .debug_frame   0x00000d9c      0x384 src/ASF/sam/drivers/pio/pio.o
 .debug_frame   0x00001120      0x408 src/ASF/sam/drivers/pmc/pmc.o
 .debug_frame   0x00001528       0x28 src/ASF/common/boards/user_board/init.o
 .debug_frame   0x00001550       0x38 src/ASF/sam/utils/cmsis/sam4s/source/templates/gcc/startup_sam4s.o
 .debug_frame   0x00001588       0x40 src/ASF/sam/utils/cmsis/sam4s/source/templates/system_sam4s.o
 .debug_frame   0x000015c8       0xa0 src/ASF/sam/utils/syscalls/gcc/syscalls.o
 .debug_frame   0x00001668       0x28 src/main.o
 .debug_frame   0x00001690       0x2c c:/program files (x86)/atmel/studio/7.0/toolchain/arm/arm-gnu-toolchain/bin/../lib/gcc/arm-none-eabi/6.2.1/../../../../arm-none-eabi/lib/thumb/v7e-m\libc.a(lib_a-init.o)
 .debug_frame   0x000016bc       0x34 c:/program files (x86)/atmel/studio/7.0/toolchain/arm/arm-gnu-toolchain/bin/../lib/gcc/arm-none-eabi/6.2.1/../../../../arm-none-eabi/lib/thumb/v7e-m\libc.a(lib_a-memset.o)
 .debug_frame   0x000016f0       0x84 c:/program files (x86)/atmel/studio/7.0/toolchain/arm/arm-gnu-toolchain/bin/../lib/gcc/arm-none-eabi/6.2.1/../../../../arm-none-eabi/lib/thumb/v7e-m\libc.a(lib_a-sprintf.o)
 .debug_frame   0x00001774       0xd8 c:/program files (x86)/atmel/studio/7.0/toolchain/arm/arm-gnu-toolchain/bin/../lib/gcc/arm-none-eabi/6.2.1/../../../../arm-none-eabi/lib/thumb/v7e-m\libc.a(lib_a-strstr.o)
 .debug_frame   0x0000184c       0x40 c:/program files (x86)/atmel/studio/7.0/toolchain/arm/arm-gnu-toolchain/bin/../lib/gcc/arm-none-eabi/6.2.1/../../../../arm-none-eabi/lib/thumb/v7e-m\libc.a(lib_a-svfprintf.o)
 .debug_frame   0x0000188c       0x50 c:/program files (x86)/atmel/studio/7.0/toolchain/arm/arm-gnu-toolchain/bin/../lib/gcc/arm-none-eabi/6.2.1/../../../../arm-none-eabi/lib/thumb/v7e-m\libc.a(lib_a-__call_atexit.o)
 .debug_frame   0x000018dc       0x20 c:/program files (x86)/atmel/studio/7.0/toolchain/arm/arm-gnu-toolchain/bin/../lib/gcc/arm-none-eabi/6.2.1/../../../../arm-none-eabi/lib/thumb/v7e-m\libc.a(lib_a-atexit.o)
 .debug_frame   0x000018fc       0x88 c:/program files (x86)/atmel/studio/7.0/toolchain/arm/arm-gnu-toolchain/bin/../lib/gcc/arm-none-eabi/6.2.1/../../../../arm-none-eabi/lib/thumb/v7e-m\libc.a(lib_a-dtoa.o)
 .debug_frame   0x00001984       0x34 c:/program files (x86)/atmel/studio/7.0/toolchain/arm/arm-gnu-toolchain/bin/../lib/gcc/arm-none-eabi/6.2.1/../../../../arm-none-eabi/lib/thumb/v7e-m\libc.a(lib_a-fini.o)
 .debug_frame   0x000019b8       0x40 c:/program files (x86)/atmel/studio/7.0/toolchain/arm/arm-gnu-toolchain/bin/../lib/gcc/arm-none-eabi/6.2.1/../../../../arm-none-eabi/lib/thumb/v7e-m\libc.a(lib_a-localeconv.o)
 .debug_frame   0x000019f8       0x58 c:/program files (x86)/atmel/studio/7.0/toolchain/arm/arm-gnu-toolchain/bin/../lib/gcc/arm-none-eabi/6.2.1/../../../../arm-none-eabi/lib/thumb/v7e-m\libc.a(lib_a-mallocr.o)
 .debug_frame   0x00001a50       0x3c c:/program files (x86)/atmel/studio/7.0/toolchain/arm/arm-gnu-toolchain/bin/../lib/gcc/arm-none-eabi/6.2.1/../../../../arm-none-eabi/lib/thumb/v7e-m\libc.a(lib_a-memcmp.o)
 .debug_frame   0x00001a8c       0x30 c:/program files (x86)/atmel/studio/7.0/toolchain/arm/arm-gnu-toolchain/bin/../lib/gcc/arm-none-eabi/6.2.1/../../../../arm-none-eabi/lib/thumb/v7e-m\libc.a(lib_a-mlock.o)
 .debug_frame   0x00001abc      0x25c c:/program files (x86)/atmel/studio/7.0/toolchain/arm/arm-gnu-toolchain/bin/../lib/gcc/arm-none-eabi/6.2.1/../../../../arm-none-eabi/lib/thumb/v7e-m\libc.a(lib_a-mprec.o)
 .debug_frame   0x00001d18       0x2c c:/program files (x86)/atmel/studio/7.0/toolchain/arm/arm-gnu-toolchain/bin/../lib/gcc/arm-none-eabi/6.2.1/../../../../arm-none-eabi/lib/thumb/v7e-m\libc.a(lib_a-sbrkr.o)
 .debug_frame   0x00001d44       0x50 c:/program files (x86)/atmel/studio/7.0/toolchain/arm/arm-gnu-toolchain/bin/../lib/gcc/arm-none-eabi/6.2.1/../../../../arm-none-eabi/lib/thumb/v7e-m\libc.a(lib_a-strchr.o)
 .debug_frame   0x00001d94       0x78 c:/program files (x86)/atmel/studio/7.0/toolchain/arm/arm-gnu-toolchain/bin/../lib/gcc/arm-none-eabi/6.2.1/../../../../arm-none-eabi/lib/thumb/v7e-m\libc.a(lib_a-svfiprintf.o)
 .debug_frame   0x00001e0c       0x34 c:/program files (x86)/atmel/studio/7.0/toolchain/arm/arm-gnu-toolchain/bin/../lib/gcc/arm-none-eabi/6.2.1/../../../../arm-none-eabi/lib/thumb/v7e-m\libc.a(lib_a-__atexit.o)
 .debug_frame   0x00001e40       0x28 c:/program files (x86)/atmel/studio/7.0/toolchain/arm/arm-gnu-toolchain/bin/../lib/gcc/arm-none-eabi/6.2.1/../../../../arm-none-eabi/lib/thumb/v7e-m\libc.a(lib_a-callocr.o)
 .debug_frame   0x00001e68       0x74 c:/program files (x86)/atmel/studio/7.0/toolchain/arm/arm-gnu-toolchain/bin/../lib/gcc/arm-none-eabi/6.2.1/../../../../arm-none-eabi/lib/thumb/v7e-m\libc.a(lib_a-freer.o)
 .debug_frame   0x00001edc       0x6c c:/program files (x86)/atmel/studio/7.0/toolchain/arm/arm-gnu-toolchain/bin/../lib/gcc/arm-none-eabi/6.2.1/../../../../arm-none-eabi/lib/thumb/v7e-m\libc.a(lib_a-locale.o)
 .debug_frame   0x00001f48       0x4c c:/program files (x86)/atmel/studio/7.0/toolchain/arm/arm-gnu-toolchain/bin/../lib/gcc/arm-none-eabi/6.2.1/../../../../arm-none-eabi/lib/thumb/v7e-m\libc.a(lib_a-mbtowc_r.o)
 .debug_frame   0x00001f94       0x30 c:/program files (x86)/atmel/studio/7.0/toolchain/arm/arm-gnu-toolchain/bin/../lib/gcc/arm-none-eabi/6.2.1/../../../../arm-none-eabi/lib/thumb/v7e-m\libc.a(lib_a-memmove.o)
 .debug_frame   0x00001fc4       0x68 c:/program files (x86)/atmel/studio/7.0/toolchain/arm/arm-gnu-toolchain/bin/../lib/gcc/arm-none-eabi/6.2.1/../../../../arm-none-eabi/lib/thumb/v7e-m\libc.a(lib_a-reallocr.o)
 .debug_frame   0x0000202c       0x58 c:/program files (x86)/atmel/studio/7.0/toolchain/arm/arm-gnu-toolchain/bin/../lib/gcc/arm-none-eabi/6.2.1/../../../../arm-none-eabi/lib/thumb/v7e-m\libc.a(lib_a-reent.o)
 .debug_frame   0x00002084       0x3c c:/program files (x86)/atmel/studio/7.0/toolchain/arm/arm-gnu-toolchain/bin/../lib/gcc/arm-none-eabi/6.2.1/../../../../arm-none-eabi/lib/thumb/v7e-m\libc.a(lib_a-wctomb_r.o)
 .debug_frame   0x000020c0       0xac c:/program files (x86)/atmel/studio/7.0/toolchain/arm/arm-gnu-toolchain/bin/../lib/gcc/arm-none-eabi/6.2.1/thumb/v7e-m\libgcc.a(_arm_addsubdf3.o)
 .debug_frame   0x0000216c       0x50 c:/program files (x86)/atmel/studio/7.0/toolchain/arm/arm-gnu-toolchain/bin/../lib/gcc/arm-none-eabi/6.2.1/thumb/v7e-m\libgcc.a(_arm_muldivdf3.o)
 .debug_frame   0x000021bc       0xc4 c:/program files (x86)/atmel/studio/7.0/toolchain/arm/arm-gnu-toolchain/bin/../lib/gcc/arm-none-eabi/6.2.1/thumb/v7e-m\libgcc.a(_arm_cmpdf2.o)
 .debug_frame   0x00002280       0x20 c:/program files (x86)/atmel/studio/7.0/toolchain/arm/arm-gnu-toolchain/bin/../lib/gcc/arm-none-eabi/6.2.1/thumb/v7e-m\libgcc.a(_arm_unorddf2.o)
 .debug_frame   0x000022a0       0x24 c:/program files (x86)/atmel/studio/7.0/toolchain/arm/arm-gnu-toolchain/bin/../lib/gcc/arm-none-eabi/6.2.1/thumb/v7e-m\libgcc.a(_arm_fixdfsi.o)
 .debug_frame   0x000022c4       0x2c c:/program files (x86)/atmel/studio/7.0/toolchain/arm/arm-gnu-toolchain/bin/../lib/gcc/arm-none-eabi/6.2.1/thumb/v7e-m\libgcc.a(_aeabi_uldivmod.o)
 .debug_frame   0x000022f0       0x34 c:/program files (x86)/atmel/studio/7.0/toolchain/arm/arm-gnu-toolchain/bin/../lib/gcc/arm-none-eabi/6.2.1/thumb/v7e-m\libgcc.a(_udivmoddi4.o)

Cross Reference Table

Symbol                                            File
ACC_Handler                                       src/ASF/sam/utils/cmsis/sam4s/source/templates/gcc/startup_sam4s.o
ADC_Handler                                       src/ASF/sam/utils/cmsis/sam4s/source/templates/gcc/startup_sam4s.o
BusFault_Handler                                  src/ASF/sam/utils/cmsis/sam4s/source/templates/gcc/startup_sam4s.o